Archive member included to satisfy reference by file (symbol)

c:/users/maka/documents/02- tools/imt_sdk_win_64/winarm/armgcc/bin/../lib/gcc/arm-none-eabi/7.2.1/thumb/v7e-m\libgcc.a(_arm_addsubdf3.o)
                              ./src/HAL/Joystick/Joystick_prog.o (__aeabi_dadd)
c:/users/maka/documents/02- tools/imt_sdk_win_64/winarm/armgcc/bin/../lib/gcc/arm-none-eabi/7.2.1/thumb/v7e-m\libgcc.a(_arm_muldivdf3.o)
                              ./src/HAL/Joystick/Joystick_prog.o (__aeabi_ddiv)
c:/users/maka/documents/02- tools/imt_sdk_win_64/winarm/armgcc/bin/../lib/gcc/arm-none-eabi/7.2.1/thumb/v7e-m\libgcc.a(_arm_fixunsdfsi.o)
                              ./src/HAL/Joystick/Joystick_prog.o (__aeabi_d2uiz)
c:/users/maka/documents/02- tools/imt_sdk_win_64/winarm/armgcc/bin/../lib/gcc/arm-none-eabi/7.2.1/thumb/v7e-m\libgcc.a(_arm_addsubsf3.o)
                              ./src/HAL/TFT/TFT_prog.o (__aeabi_fadd)
c:/users/maka/documents/02- tools/imt_sdk_win_64/winarm/armgcc/bin/../lib/gcc/arm-none-eabi/7.2.1/thumb/v7e-m\libgcc.a(_arm_muldivsf3.o)
                              ./src/MCAL/SYSTIC/SYSTIC_prog.o (__aeabi_fmul)
c:/users/maka/documents/02- tools/imt_sdk_win_64/winarm/armgcc/bin/../lib/gcc/arm-none-eabi/7.2.1/thumb/v7e-m\libgcc.a(_arm_fixunssfsi.o)
                              ./src/MCAL/SYSTIC/SYSTIC_prog.o (__aeabi_f2uiz)
c:/users/maka/documents/02- tools/imt_sdk_win_64/winarm/armgcc/bin/../lib/gcc/arm-none-eabi/7.2.1/../../../../arm-none-eabi/lib/thumb/v7e-m\libg_nano.a(lib_a-errno.o)
                              ./system/src/newlib/_sbrk.o (__errno)
c:/users/maka/documents/02- tools/imt_sdk_win_64/winarm/armgcc/bin/../lib/gcc/arm-none-eabi/7.2.1/../../../../arm-none-eabi/lib/thumb/v7e-m\libg_nano.a(lib_a-impure.o)
                              c:/users/maka/documents/02- tools/imt_sdk_win_64/winarm/armgcc/bin/../lib/gcc/arm-none-eabi/7.2.1/../../../../arm-none-eabi/lib/thumb/v7e-m\libg_nano.a(lib_a-errno.o) (_impure_ptr)
c:/users/maka/documents/02- tools/imt_sdk_win_64/winarm/armgcc/bin/../lib/gcc/arm-none-eabi/7.2.1/../../../../arm-none-eabi/lib/thumb/v7e-m\libg_nano.a(lib_a-strlen.o)
                              ./system/src/diag/Trace.o (strlen)
c:/users/maka/documents/02- tools/imt_sdk_win_64/winarm/armgcc/bin/../lib/gcc/arm-none-eabi/7.2.1/../../../../arm-none-eabi/lib/thumb/v7e-m\libg_nano.a(lib_a-vsnprintf.o)
                              ./system/src/diag/Trace.o (vsnprintf)
c:/users/maka/documents/02- tools/imt_sdk_win_64/winarm/armgcc/bin/../lib/gcc/arm-none-eabi/7.2.1/../../../../arm-none-eabi/lib/thumb/v7e-m\libg_nano.a(lib_a-nano-svfprintf.o)
                              c:/users/maka/documents/02- tools/imt_sdk_win_64/winarm/armgcc/bin/../lib/gcc/arm-none-eabi/7.2.1/../../../../arm-none-eabi/lib/thumb/v7e-m\libg_nano.a(lib_a-vsnprintf.o) (_svfprintf_r)
c:/users/maka/documents/02- tools/imt_sdk_win_64/winarm/armgcc/bin/../lib/gcc/arm-none-eabi/7.2.1/../../../../arm-none-eabi/lib/thumb/v7e-m\libg_nano.a(lib_a-nano-vfprintf_i.o)
                              c:/users/maka/documents/02- tools/imt_sdk_win_64/winarm/armgcc/bin/../lib/gcc/arm-none-eabi/7.2.1/../../../../arm-none-eabi/lib/thumb/v7e-m\libg_nano.a(lib_a-nano-svfprintf.o) (_printf_i)
c:/users/maka/documents/02- tools/imt_sdk_win_64/winarm/armgcc/bin/../lib/gcc/arm-none-eabi/7.2.1/../../../../arm-none-eabi/lib/thumb/v7e-m\libg_nano.a(lib_a-memchr.o)
                              c:/users/maka/documents/02- tools/imt_sdk_win_64/winarm/armgcc/bin/../lib/gcc/arm-none-eabi/7.2.1/../../../../arm-none-eabi/lib/thumb/v7e-m\libg_nano.a(lib_a-nano-svfprintf.o) (memchr)
c:/users/maka/documents/02- tools/imt_sdk_win_64/winarm/armgcc/bin/../lib/gcc/arm-none-eabi/7.2.1/../../../../arm-none-eabi/lib/thumb/v7e-m\libg_nano.a(lib_a-memcpy-stub.o)
                              c:/users/maka/documents/02- tools/imt_sdk_win_64/winarm/armgcc/bin/../lib/gcc/arm-none-eabi/7.2.1/../../../../arm-none-eabi/lib/thumb/v7e-m\libg_nano.a(lib_a-nano-svfprintf.o) (memcpy)
c:/users/maka/documents/02- tools/imt_sdk_win_64/winarm/armgcc/bin/../lib/gcc/arm-none-eabi/7.2.1/../../../../arm-none-eabi/lib/thumb/v7e-m\libg_nano.a(lib_a-memmove.o)
                              c:/users/maka/documents/02- tools/imt_sdk_win_64/winarm/armgcc/bin/../lib/gcc/arm-none-eabi/7.2.1/../../../../arm-none-eabi/lib/thumb/v7e-m\libg_nano.a(lib_a-nano-svfprintf.o) (memmove)
c:/users/maka/documents/02- tools/imt_sdk_win_64/winarm/armgcc/bin/../lib/gcc/arm-none-eabi/7.2.1/../../../../arm-none-eabi/lib/thumb/v7e-m\libg_nano.a(lib_a-nano-freer.o)
                              c:/users/maka/documents/02- tools/imt_sdk_win_64/winarm/armgcc/bin/../lib/gcc/arm-none-eabi/7.2.1/../../../../arm-none-eabi/lib/thumb/v7e-m\libg_nano.a(lib_a-nano-svfprintf.o) (_free_r)
c:/users/maka/documents/02- tools/imt_sdk_win_64/winarm/armgcc/bin/../lib/gcc/arm-none-eabi/7.2.1/../../../../arm-none-eabi/lib/thumb/v7e-m\libg_nano.a(lib_a-nano-mallocr.o)
[...]
Memory Configuration

Name             Origin             Length             Attributes
RAM              0x20000000         0x00010000         xrw
CCMRAM           0x10000000         0x00000000         xrw
FLASH            0x08000000         0x00040000         xr
FLASHB1          0x00000000         0x00000000         xr
EXTMEMB0         0x00000000         0x00000000         xr
EXTMEMB1         0x00000000         0x00000000         xr
EXTMEMB2         0x00000000         0x00000000         xr
EXTMEMB3         0x00000000         0x00000000         xr
*default*        0x00000000         0xffffffff

Linker script and memory map

LOAD ./system/src/stm32f4-hal/stm32f4xx_hal.o
LOAD ./system/src/stm32f4-hal/stm32f4xx_hal_cortex.o
LOAD ./system/src/stm32f4-hal/stm32f4xx_hal_dfsdm.o
LOAD ./system/src/stm32f4-hal/stm32f4xx_hal_flash.o
LOAD ./system/src/stm32f4-hal/stm32f4xx_hal_gpio.o
LOAD ./system/src/stm32f4-hal/stm32f4xx_hal_iwdg.o
LOAD ./system/src/stm32f4-hal/stm32f4xx_hal_pwr.o
LOAD ./system/src/stm32f4-hal/stm32f4xx_hal_rcc.o
LOAD ./system/src/newlib/_cxx.o
LOAD ./system/src/newlib/_exit.o
LOAD ./system/src/newlib/_sbrk.o
LOAD ./system/src/newlib/_startup.o
LOAD ./system/src/newlib/_syscalls.o
LOAD ./system/src/newlib/assert.o
LOAD ./system/src/diag/Trace.o
LOAD ./system/src/diag/trace_impl.o
LOAD ./system/src/cortexm/_initialize_hardware.o
LOAD ./system/src/cortexm/_reset_hardware.o
LOAD ./system/src/cortexm/exception_handlers.o
LOAD ./system/src/cmsis/system_stm32f4xx.o
LOAD ./system/src/cmsis/vectors_stm32f401xc.o
LOAD ./src/MCAL/SYSTIC/SYSTIC_prog.o
LOAD ./src/MCAL/SPI/SPI_conf.o
LOAD ./src/MCAL/SPI/SPI_prog.o
LOAD ./src/MCAL/RCC/RCC_prog.o
LOAD ./src/MCAL/NVIC/NVIC_prog.o
LOAD ./src/MCAL/GPIO/GPIO_conf.o
LOAD ./src/MCAL/GPIO/GPIO_prog.o
LOAD ./src/MCAL/EXTI/EXTI_prog.o
LOAD ./src/MCAL/ADC/ADC_prog.o
LOAD ./src/HAL/TFT/TFT_conf.o
LOAD ./src/HAL/TFT/TFT_prog.o
LOAD ./src/HAL/NRF24L01/NRF_conf.o
LOAD ./src/HAL/NRF24L01/NRF_prog.o
LOAD ./src/HAL/LED/LED_prog.o
LOAD ./src/HAL/Joystick/Joystick_conf.o
LOAD ./src/HAL/Joystick/Joystick_prog.o
LOAD ./src/_initialize_hardware.o
LOAD ./src/main.o
LOAD ./src/stm32f4xx_hal_msp.o
LOAD c:/users/maka/documents/02- tools/imt_sdk_win_64/winarm/armgcc/bin/../lib/gcc/arm-none-eabi/7.2.1/../../../../arm-none-eabi/lib/thumb/v7e-m\libstdc++_nano.a
LOAD c:/users/maka/documents/02- tools/imt_sdk_win_64/winarm/armgcc/bin/../lib/gcc/arm-none-eabi/7.2.1/../../../../arm-none-eabi/lib/thumb/v7e-m\libm.a
START GROUP
LOAD c:/users/maka/documents/02- tools/imt_sdk_win_64/winarm/armgcc/bin/../lib/gcc/arm-none-eabi/7.2.1/thumb/v7e-m\libgcc.a
LOAD c:/users/maka/documents/02- tools/imt_sdk_win_64/winarm/armgcc/bin/../lib/gcc/arm-none-eabi/7.2.1/../../../../arm-none-eabi/lib/thumb/v7e-m\libg_nano.a
LOAD c:/users/maka/documents/02- tools/imt_sdk_win_64/winarm/armgcc/bin/../lib/gcc/arm-none-eabi/7.2.1/../../../../arm-none-eabi/lib/thumb/v7e-m\libc_nano.a
END GROUP
START GROUP
LOAD c:/users/maka/documents/02- tools/imt_sdk_win_64/winarm/armgcc/bin/../lib/gcc/arm-none-eabi/7.2.1/thumb/v7e-m\libgcc.a
LOAD c:/users/maka/documents/02- tools/imt_sdk_win_64/winarm/armgcc/bin/../lib/gcc/arm-none-eabi/7.2.1/../../../../arm-none-eabi/lib/thumb/v7e-m\libc_nano.a
END GROUP
                0x20010000                __stack = (ORIGIN (RAM) + LENGTH (RAM))
                0x20010000                _estack = __stack
                0x00000400                __Main_Stack_Size = 0x400
                [!provide]                PROVIDE (_Main_Stack_Size, __Main_Stack_Size)
                0x2000fc00                __Main_Stack_Limit = (__stack - __Main_Stack_Size)
                [!provide]                PROVIDE (_Main_Stack_Limit, __Main_Stack_Limit)
                0x00000100                _Minimum_Stack_Size = 0x100
                0x20000198                PROVIDE (_Heap_Begin, _end_noinit)
                0x2000fc00                PROVIDE (_Heap_Limit, (__stack - __Main_Stack_Size))

.isr_vector     0x08000000      0x3f4
 FILL mask 0xff
                0x08000000                __vectors_start = ABSOLUTE (.)
                0x08000000                __vectors_start__ = ABSOLUTE (.)
 *(.isr_vector)
 .isr_vector    0x08000000      0x194 ./system/src/cmsis/vectors_stm32f401xc.o
                0x08000000                __isr_vectors
 *(.cfmconfig)
 *(.after_vectors .after_vectors.*)
 .after_vectors
                0x08000194      0x130 ./system/src/newlib/_startup.o
                0x08000194                _start
 .after_vectors
                0x080002c4      0x12c ./system/src/cortexm/exception_handlers.o
                0x080002c4                Reset_Handler
                0x080002ca                NMI_Handler
                0x080002ce                HardFault_Handler
                0x080002e2                HardFault_Handler_C
                0x08000340                MemManage_Handler
                0x08000344                BusFault_Handler
                0x08000358                BusFault_Handler_C
                0x0800038c                UsageFault_Handler
                0x080003a0                UsageFault_Handler_C
                0x080003d4                SVC_Handler
                0x080003d8                DebugMon_Handler
                0x080003dc                PendSV_Handler
 .after_vectors
                0x080003f0        0x4 ./system/src/cmsis/vectors_stm32f401xc.o
                0x080003f0                RTC_Alarm_IRQHandler
                0x080003f0                SPI4_IRQHandler
                0x080003f0                TIM1_CC_IRQHandler
                0x080003f0                DMA2_Stream5_IRQHandler
                0x080003f0                DMA1_Stream5_IRQHandler
                0x080003f0                PVD_IRQHandler
                0x080003f0                SDIO_IRQHandler
                0x080003f0                TAMP_STAMP_IRQHandler
                0x080003f0                TIM1_UP_TIM10_IRQHandler
                0x080003f0                I2C3_ER_IRQHandler
                0x080003f0                I2C2_EV_IRQHandler
                0x080003f0                DMA1_Stream2_IRQHandler
                0x080003f0                FPU_IRQHandler
                0x080003f0                DMA2_Stream2_IRQHandler
                0x080003f0                SPI1_IRQHandler
                0x080003f0                TIM1_BRK_TIM9_IRQHandler
                0x080003f0                DMA2_Stream3_IRQHandler
                0x080003f0                USART6_IRQHandler
                0x080003f0                DMA2_Stream0_IRQHandler
                0x080003f0                TIM4_IRQHandler
                0x080003f0                I2C1_EV_IRQHandler
                0x080003f0                DMA1_Stream6_IRQHandler
                0x080003f0                DMA1_Stream1_IRQHandler
                0x080003f0                TIM3_IRQHandler
                0x080003f0                RCC_IRQHandler
                0x080003f0                Default_Handler
                0x080003f0                DMA1_Stream7_IRQHandler
                0x080003f0                TIM5_IRQHandler
                0x080003f0                DMA2_Stream7_IRQHandler
                0x080003f0                I2C3_EV_IRQHandler
                0x080003f0                RTC_WKUP_IRQHandler
                0x080003f0                SPI2_IRQHandler
                0x080003f0                DMA1_Stream0_IRQHandler
                0x080003f0                WWDG_IRQHandler
                0x080003f0                TIM2_IRQHandler
                0x080003f0                OTG_FS_WKUP_IRQHandler
                0x080003f0                TIM1_TRG_COM_TIM11_IRQHandler
                0x080003f0                USART2_IRQHandler
                0x080003f0                I2C2_ER_IRQHandler
                0x080003f0                DMA2_Stream1_IRQHandler
                0x080003f0                FLASH_IRQHandler
                0x080003f0                DMA2_Stream4_IRQHandler
                0x080003f0                USART1_IRQHandler
                0x080003f0                OTG_FS_IRQHandler
                0x080003f0                SPI3_IRQHandler
                0x080003f0                DMA1_Stream4_IRQHandler
                0x080003f0                I2C1_ER_IRQHandler
                0x080003f0                DMA2_Stream6_IRQHandler
                0x080003f0                DMA1_Stream3_IRQHandler

.inits          0x080003f4       0x28
                0x080003f4                __data_regions_array_start = .
                0x080003f4        0x4 LONG 0x800d9e0 LOADADDR (.data)
                0x080003f8        0x4 LONG 0x20000000 ADDR (.data)
                0x080003fc        0x4 LONG 0x20000098 (ADDR (.data) + SIZEOF (.data))
                0x08000400        0x4 LONG 0x800d9e0 LOADADDR (.data_CCMRAM)
                0x08000404        0x4 LONG 0x10000000 ADDR (.data_CCMRAM)
                0x08000408        0x4 LONG 0x10000000 (ADDR (.data_CCMRAM) + SIZEOF (.data_CCMRAM))
                0x0800040c                __data_regions_array_end = .
                0x0800040c                __bss_regions_array_start = .
                0x0800040c        0x4 LONG 0x20000098 ADDR (.bss)
                0x08000410        0x4 LONG 0x20000198 (ADDR (.bss) + SIZEOF (.bss))
                0x08000414        0x4 LONG 0x10000000 ADDR (.bss_CCMRAM)
                0x08000418        0x4 LONG 0x10000000 (ADDR (.bss_CCMRAM) + SIZEOF (.bss_CCMRAM))
                0x0800041c                __bss_regions_array_end = .
 *(.init)
 *(.fini)
                0x0800041c                . = ALIGN (0x4)
                0x0800041c                PROVIDE (__preinit_array_start, .)
 *(.preinit_array_sysinit .preinit_array_sysinit.*)
 *(.preinit_array_platform .preinit_array_platform.*)
 *(.preinit_array .preinit_array.*)
                0x0800041c                PROVIDE (__preinit_array_end, .)
                0x0800041c                . = ALIGN (0x4)
                0x0800041c                PROVIDE (__init_array_start, .)
 *(SORT_BY_NAME(.init_array.*))
 *(.init_array)
                0x0800041c                PROVIDE (__init_array_end, .)
                0x0800041c                . = ALIGN (0x4)
                0x0800041c                PROVIDE (__fini_array_start, .)
 *(SORT_BY_NAME(.fini_array.*))
 *(.fini_array)
                0x0800041c                PROVIDE (__fini_array_end, .)

.flashtext
 *(.flashtext .flashtext.*)

.text           0x08000420     0xd5bf
 *(.text .text.*)
 .text._exit    0x08000420        0x2 ./system/src/newlib/_exit.o
                0x08000420                _exit
 *fill*         0x08000422        0x2 
 .text._sbrk    0x08000424       0x44 ./system/src/newlib/_sbrk.o
                0x08000424                _sbrk
 .text.__initialize_args
                0x08000468       0x10 ./system/src/newlib/_syscalls.o
                0x08000468                __initialize_args
 .text.trace_printf
                0x08000478       0x30 ./system/src/diag/Trace.o
                0x08000478                trace_printf
 .text._trace_write_semihosting_debug
                0x080004a8       0x60 ./system/src/diag/trace_impl.o
 .text.trace_write
                0x08000508        0x8 ./system/src/diag/trace_impl.o
                0x08000508                trace_write
 .text.__initialize_hardware_early
                0x08000510       0x18 ./system/src/cortexm/_initialize_hardware.o
                0x08000510                __initialize_hardware_early
 .text.dumpExceptionStack
                0x08000528       0xf4 ./system/src/cortexm/exception_handlers.o
                0x08000528                dumpExceptionStack
 .text.isSemihosting
                0x0800061c       0x20 ./system/src/cortexm/exception_handlers.o
                0x0800061c                isSemihosting
 .text.SystemInit
                0x0800063c       0x40 ./system/src/cmsis/system_stm32f4xx.o
                0x0800063c                SystemInit
 .text.MSTK_voidInit
                0x0800067c       0x18 ./src/MCAL/SYSTIC/SYSTIC_prog.o
                0x0800067c                MSTK_voidInit
 .text.MSTK_voidSetBusyWait
                0x08000694       0xa4 ./src/MCAL/SYSTIC/SYSTIC_prog.o
                0x08000694                MSTK_voidSetBusyWait
 .text.SysTick_Handler
                0x08000738       0x74 ./src/MCAL/SYSTIC/SYSTIC_prog.o
                0x08000738                SysTick_Handler
 .text.MSPI_voidInit
                0x080007ac      0x1fc ./src/MCAL/SPI/SPI_prog.o
                0x080007ac                MSPI_voidInit
 .text.MSPI_voidTransmite
                0x080009a8       0x58 ./src/MCAL/SPI/SPI_prog.o
                0x080009a8                MSPI_voidTransmite
 .text.MSPI_32Recive
                0x08000a00       0x30 ./src/MCAL/SPI/SPI_prog.o
                0x08000a00                MSPI_32Recive
 .text.MRCC_voidInit
                0x08000a30       0x90 ./src/MCAL/RCC/RCC_prog.o
                0x08000a30                MRCC_voidInit
 .text.MRCC_voidEnablePerephiralClock
                0x08000ac0       0x58 ./src/MCAL/RCC/RCC_prog.o
                0x08000ac0                MRCC_voidEnablePerephiralClock
 .text.MNVIC_voidEnablePeripheral
                0x08000b18       0x18 ./src/MCAL/NVIC/NVIC_prog.o
                0x08000b18                MNVIC_voidEnablePeripheral
 .text.MGPIO_voidSetPinMode
                0x08000b30       0x88 ./src/MCAL/GPIO/GPIO_prog.o
                0x08000b30                MGPIO_voidSetPinMode
 .text.MGPIO_voidSetPinOutputType
                0x08000bb8       0xb4 ./src/MCAL/GPIO/GPIO_prog.o
                0x08000bb8                MGPIO_voidSetPinOutputType
 .text.MGPIO_voidSetPinOutputSpeed
                0x08000c6c       0x88 ./src/MCAL/GPIO/GPIO_prog.o
                0x08000c6c                MGPIO_voidSetPinOutputSpeed
 .text.MGPIO_voidSetPinInputPull
                0x08000cf4       0x88 ./src/MCAL/GPIO/GPIO_prog.o
                0x08000cf4                MGPIO_voidSetPinInputPull
 .text.MGPIO_voidSetPinValue
                0x08000d7c       0xb4 ./src/MCAL/GPIO/GPIO_prog.o
                0x08000d7c                MGPIO_voidSetPinValue
 .text.MGPIO_voidSetAltFun
                0x08000e30       0xec ./src/MCAL/GPIO/GPIO_prog.o
                0x08000e30                MGPIO_voidSetAltFun
 .text.MGPIO_voidInit
                0x08000f1c       0x60 ./src/MCAL/GPIO/GPIO_prog.o
                0x08000f1c                MGPIO_voidInit
 .text.MEXTI_voidEnableLine
                0x08000f7c       0x60 ./src/MCAL/EXTI/EXTI_prog.o
                0x08000f7c                MEXTI_voidEnableLine
 .text.MSYSCFG_voidExtiPort
                0x08000fdc       0x34 ./src/MCAL/EXTI/EXTI_prog.o
                0x08000fdc                MSYSCFG_voidExtiPort
 .text.MEXTI_voidInit
                0x08001010      0x11e ./src/MCAL/EXTI/EXTI_prog.o
                0x08001010                MEXTI_voidInit
 *fill*         0x0800112e        0x2 
 .text.MEXTI_voidSetCallBack
                0x08001130       0xb8 ./src/MCAL/EXTI/EXTI_prog.o
                0x08001130                MEXTI_voidSetCallBack
 .text.EXTI0_IRQHandler
                0x080011e8       0x20 ./src/MCAL/EXTI/EXTI_prog.o
                0x080011e8                EXTI0_IRQHandler
 .text.EXTI1_IRQHandler
                0x08001208       0x20 ./src/MCAL/EXTI/EXTI_prog.o
                0x08001208                EXTI1_IRQHandler
 .text.EXTI2_IRQHandler
                0x08001228       0x20 ./src/MCAL/EXTI/EXTI_prog.o
                0x08001228                EXTI2_IRQHandler
 .text.EXTI3_IRQHandler
                0x08001248       0x20 ./src/MCAL/EXTI/EXTI_prog.o
                0x08001248                EXTI3_IRQHandler
 .text.EXTI4_IRQHandler
                0x08001268       0x20 ./src/MCAL/EXTI/EXTI_prog.o
                0x08001268                EXTI4_IRQHandler
 .text.EXTI9_5_IRQHandler
                0x08001288       0x78 ./src/MCAL/EXTI/EXTI_prog.o
                0x08001288                EXTI9_5_IRQHandler
 .text.EXTI15_10_IRQHandler
                0x08001300       0x8c ./src/MCAL/EXTI/EXTI_prog.o
                0x08001300                EXTI15_10_IRQHandler
 .text.MADC_voidInit
                0x0800138c       0xbc ./src/MCAL/ADC/ADC_prog.o
                0x0800138c                MADC_voidInit
 .text.MADC_voidConfigChannel
                0x08001448       0xc4 ./src/MCAL/ADC/ADC_prog.o
                0x08001448                MADC_voidConfigChannel
 .text.MADC_voidStartConversion
                0x0800150c       0x20 ./src/MCAL/ADC/ADC_prog.o
                0x0800150c                MADC_voidStartConversion
 .text.MADC_u32PollingToGetValue
                0x0800152c       0x24 ./src/MCAL/ADC/ADC_prog.o
                0x0800152c                MADC_u32PollingToGetValue
 .text.ADC_IRQHandler
                0x08001550       0x28 ./src/MCAL/ADC/ADC_prog.o
                0x08001550                ADC_IRQHandler
 .text.HTFT_voidReset
                0x08001578       0x64 ./src/HAL/TFT/TFT_prog.o
 .text.HTFT_voidWriteData
                0x080015dc       0x20 ./src/HAL/TFT/TFT_prog.o
 .text.HTFT_voidWriteCmd
                0x080015fc       0x20 ./src/HAL/TFT/TFT_prog.o
 .text.HTFT_voidInit
                0x0800161c       0x60 ./src/HAL/TFT/TFT_prog.o
                0x0800161c                HTFT_voidInit
 .text.HTFT_voidDisplayImage
                0x0800167c       0x84 ./src/HAL/TFT/TFT_prog.o
                0x0800167c                HTFT_voidDisplayImage
 .text.HTFT_voidDisplayChar
                0x08001700       0xec ./src/HAL/TFT/TFT_prog.o
                0x08001700                HTFT_voidDisplayChar
 .text.HTFT_voidDisplayString
                0x080017ec       0x38 ./src/HAL/TFT/TFT_prog.o
                0x080017ec                HTFT_voidDisplayString
 .text.HNRF_voidCeDisable
                0x08001824        0xe ./src/HAL/NRF24L01/NRF_prog.o
 .text.HNRF_voidCsSelect
                0x08001832        0xe ./src/HAL/NRF24L01/NRF_prog.o
 .text.HNRF_voidCsUnSelect
                0x08001840        0xe ./src/HAL/NRF24L01/NRF_prog.o
 .text.HNRF_voidCeEnable
                0x0800184e        0xe ./src/HAL/NRF24L01/NRF_prog.o
 .text.HNRF_voidWriteReg
                0x0800185c       0x2a ./src/HAL/NRF24L01/NRF_prog.o
 .text.HNRF_voidWriteRegMulti
                0x08001886       0x3e ./src/HAL/NRF24L01/NRF_prog.o
 .text.HNRF_u8ReadReg
                0x080018c4       0x28 ./src/HAL/NRF24L01/NRF_prog.o
 .text.HNRF_voidInit
                0x080018ec       0x8c ./src/HAL/NRF24L01/NRF_prog.o
                0x080018ec                HNRF_voidInit
 .text.HNRF_voidTxMode
                0x08001978       0x52 ./src/HAL/NRF24L01/NRF_prog.o
                0x08001978                HNRF_voidTxMode
 *fill*         0x080019ca        0x2 
 .text.HLED_voidLedInitial
                0x080019cc       0x78 ./src/HAL/LED/LED_prog.o
                0x080019cc                HLED_voidLedInitial
 .text.HLED_voidLedOn
                0x08001a44       0x74 ./src/HAL/LED/LED_prog.o
                0x08001a44                HLED_voidLedOn
 .text.HLED_voidLedOff
                0x08001ab8       0x74 ./src/HAL/LED/LED_prog.o
                0x08001ab8                HLED_voidLedOff
 .text.CountingZ
                0x08001b2c       0x28 ./src/HAL/Joystick/Joystick_prog.o
                0x08001b2c                CountingZ
 .text.HJoystick_voidInit
                0x08001b54       0x3c ./src/HAL/Joystick/Joystick_prog.o
                0x08001b54                HJoystick_voidInit
 .text.HJoystick_xMappedXandY
                0x08001b90       0xc8 ./src/HAL/Joystick/Joystick_prog.o
                0x08001b90                HJoystick_xMappedXandY
 .text.__initialize_hardware
                0x08001c58        0x2 ./src/_initialize_hardware.o
                0x08001c58                __initialize_hardware
 *fill*         0x08001c5a        0x2 
 .text.main     0x08001c5c      0x2e8 ./src/main.o
                0x08001c5c                main
 .text          0x08001f44      0x378 c:/users/maka/documents/02- tools/imt_sdk_win_64/winarm/armgcc/bin/../lib/gcc/arm-none-eabi/7.2.1/thumb/v7e-m\libgcc.a(_arm_addsubdf3.o)
                0x08001f44                __aeabi_drsub
                0x08001f4c                __aeabi_dsub
                0x08001f4c                __subdf3
                0x08001f50                __aeabi_dadd
                0x08001f50                __adddf3
                0x080021c8                __floatunsidf
                0x080021c8                __aeabi_ui2d
                0x080021e8                __floatsidf
                0x080021e8                __aeabi_i2d
                0x0800220c                __aeabi_f2d
                0x0800220c                __extendsfdf2
                0x08002250                __floatundidf
                0x08002250                __aeabi_ul2d
                0x08002260                __floatdidf
                0x08002260                __aeabi_l2d
 .text          0x080022bc      0x424 c:/users/maka/documents/02- tools/imt_sdk_win_64/winarm/armgcc/bin/../lib/gcc/arm-none-eabi/7.2.1/thumb/v7e-m\libgcc.a(_arm_muldivdf3.o)
                0x080022bc                __aeabi_dmul
                0x080022bc                __muldf3
                0x08002510                __divdf3
                0x08002510                __aeabi_ddiv
 .text          0x080026e0       0x40 c:/users/maka/documents/02- tools/imt_sdk_win_64/winarm/armgcc/bin/../lib/gcc/arm-none-eabi/7.2.1/thumb/v7e-m\libgcc.a(_arm_fixunsdfsi.o)
                0x080026e0                __aeabi_d2uiz
                0x080026e0                __fixunsdfsi
 .text          0x08002720      0x21c c:/users/maka/documents/02- tools/imt_sdk_win_64/winarm/armgcc/bin/../lib/gcc/arm-none-eabi/7.2.1/thumb/v7e-m\libgcc.a(_arm_addsubsf3.o)
                0x08002720                __aeabi_frsub
                0x08002728                __subsf3
                0x08002728                __aeabi_fsub
                0x0800272c                __aeabi_fadd
                0x0800272c                __addsf3
                0x0800288c                __aeabi_ui2f
                0x0800288c                __floatunsisf
                0x08002894                __aeabi_i2f
                0x08002894                __floatsisf
                0x080028b0                __aeabi_ul2f
                0x080028b0                __floatundisf
                0x080028c0                __aeabi_l2f
                0x080028c0                __floatdisf
 .text          0x0800293c      0x2a0 c:/users/maka/documents/02- tools/imt_sdk_win_64/winarm/armgcc/bin/../lib/gcc/arm-none-eabi/7.2.1/thumb/v7e-m\libgcc.a(_arm_muldivsf3.o)
                0x0800293c                __mulsf3
                0x0800293c                __aeabi_fmul
                0x08002aa4                __aeabi_fdiv
                0x08002aa4                __divsf3
 .text          0x08002bdc       0x40 c:/users/maka/documents/02- tools/imt_sdk_win_64/winarm/armgcc/bin/../lib/gcc/arm-none-eabi/7.2.1/thumb/v7e-m\libgcc.a(_arm_fixunssfsi.o)
                0x08002bdc                __fixunssfsi
                0x08002bdc                __aeabi_f2uiz
 .text.__errno  0x08002c1c        0xc c:/users/maka/documents/02- tools/imt_sdk_win_64/winarm/armgcc/bin/../lib/gcc/arm-none-eabi/7.2.1/../../../../arm-none-eabi/lib/thumb/v7e-m\libg_nano.a(lib_a-errno.o)
                0x08002c1c                __errno
 .text._vsnprintf_r
                0x08002c28       0x58 c:/users/maka/documents/02- tools/imt_sdk_win_64/winarm/armgcc/bin/../lib/gcc/arm-none-eabi/7.2.1/../../../../arm-none-eabi/lib/thumb/v7e-m\libg_nano.a(lib_a-vsnprintf.o)
                0x08002c28                _vsniprintf_r
                0x08002c28                _vsnprintf_r
 .text.vsnprintf
                0x08002c80       0x1c c:/users/maka/documents/02- tools/imt_sdk_win_64/winarm/armgcc/bin/../lib/gcc/arm-none-eabi/7.2.1/../../../../arm-none-eabi/lib/thumb/v7e-m\libg_nano.a(lib_a-vsnprintf.o)
                0x08002c80                vsniprintf
                0x08002c80                vsnprintf
 .text.__ssputs_r
                0x08002c9c       0xb4 c:/users/maka/documents/02- tools/imt_sdk_win_64/winarm/armgcc/bin/../lib/gcc/arm-none-eabi/7.2.1/../../../../arm-none-eabi/lib/thumb/v7e-m\libg_nano.a(lib_a-nano-svfprintf.o)
                0x08002c9c                __ssputs_r
 .text._svfprintf_r
                0x08002d50      0x1ec c:/users/maka/documents/02- tools/imt_sdk_win_64/winarm/armgcc/bin/../lib/gcc/arm-none-eabi/7.2.1/../../../../arm-none-eabi/lib/thumb/v7e-m\libg_nano.a(lib_a-nano-svfprintf.o)
                0x08002d50                _svfiprintf_r
                0x08002d50                _svfprintf_r
 .text._printf_common
                0x08002f3c       0xea c:/users/maka/documents/02- tools/imt_sdk_win_64/winarm/armgcc/bin/../lib/gcc/arm-none-eabi/7.2.1/../../../../arm-none-eabi/lib/thumb/v7e-m\libg_nano.a(lib_a-nano-vfprintf_i.o)
                0x08002f3c                _printf_common
 *fill*         0x08003026        0x2 
 .text._printf_i
                0x08003028      0x224 c:/users/maka/documents/02- tools/imt_sdk_win_64/winarm/armgcc/bin/../lib/gcc/arm-none-eabi/7.2.1/../../../../arm-none-eabi/lib/thumb/v7e-m\libg_nano.a(lib_a-nano-vfprintf_i.o)
                0x08003028                _printf_i
 *fill*         0x0800324c        0x4 
 .text          0x08003250       0xa0 c:/users/maka/documents/02- tools/imt_sdk_win_64/winarm/armgcc/bin/../lib/gcc/arm-none-eabi/7.2.1/../../../../arm-none-eabi/lib/thumb/v7e-m\libg_nano.a(lib_a-memchr.o)
                0x08003250                memchr
 .text.memcpy   0x080032f0       0x16 c:/users/maka/documents/02- tools/imt_sdk_win_64/winarm/armgcc/bin/../lib/gcc/arm-none-eabi/7.2.1/../../../../arm-none-eabi/lib/thumb/v7e-m\libg_nano.a(lib_a-memcpy-stub.o)
                0x080032f0                memcpy
 .text.memmove  0x08003306       0x32 c:/users/maka/documents/02- tools/imt_sdk_win_64/winarm/armgcc/bin/../lib/gcc/arm-none-eabi/7.2.1/../../../../arm-none-eabi/lib/thumb/v7e-m\libg_nano.a(lib_a-memmove.o)
                0x08003306                memmove
 .text._free_r  0x08003338       0x9c c:/users/maka/documents/02- tools/imt_sdk_win_64/winarm/armgcc/bin/../lib/gcc/arm-none-eabi/7.2.1/../../../../arm-none-eabi/lib/thumb/v7e-m\libg_nano.a(lib_a-nano-freer.o)
                0x08003338                _free_r
 .text._malloc_r
                0x080033d4       0xb4 c:/users/maka/documents/02- tools/imt_sdk_win_64/winarm/armgcc/bin/../lib/gcc/arm-none-eabi/7.2.1/../../../../arm-none-eabi/lib/thumb/v7e-m\libg_nano.a(lib_a-nano-mallocr.o)
                0x080033d4                _malloc_r
 .text._realloc_r
                0x08003488       0x4c c:/users/maka/documents/02- tools/imt_sdk_win_64/winarm/armgcc/bin/../lib/gcc/arm-none-eabi/7.2.1/../../../../arm-none-eabi/lib/thumb/v7e-m\libg_nano.a(lib_a-nano-reallocr.o)
                0x08003488                _realloc_r
 .text._sbrk_r  0x080034d4       0x20 c:/users/maka/documents/02- tools/imt_sdk_win_64/winarm/armgcc/bin/../lib/gcc/arm-none-eabi/7.2.1/../../../../arm-none-eabi/lib/thumb/v7e-m\libg_nano.a(lib_a-sbrkr.o)
                0x080034d4                _sbrk_r
 .text.__malloc_lock
                0x080034f4        0x2 c:/users/maka/documents/02- tools/imt_sdk_win_64/winarm/armgcc/bin/../lib/gcc/arm-none-eabi/7.2.1/../../../../arm-none-eabi/lib/thumb/v7e-m\libg_nano.a(lib_a-mlock.o)
                0x080034f4                __malloc_lock
 .text.__malloc_unlock
                0x080034f6        0x2 c:/users/maka/documents/02- tools/imt_sdk_win_64/winarm/armgcc/bin/../lib/gcc/arm-none-eabi/7.2.1/../../../../arm-none-eabi/lib/thumb/v7e-m\libg_nano.a(lib_a-mlock.o)
                0x080034f6                __malloc_unlock
 .text._malloc_usable_size_r
                0x080034f8       0x10 c:/users/maka/documents/02- tools/imt_sdk_win_64/winarm/armgcc/bin/../lib/gcc/arm-none-eabi/7.2.1/../../../../arm-none-eabi/lib/thumb/v7e-m\libg_nano.a(lib_a-nano-msizer.o)
                0x080034f8                _malloc_usable_size_r
 *(.rodata .rodata.* .constdata .constdata.*)
 .rodata.dumpExceptionStack.str1.4
                0x08003508      0x11a ./system/src/cortexm/exception_handlers.o
 *fill*         0x08003622        0x2 
 .rodata.str1.4
                0x08003624       0x2a ./system/src/cortexm/exception_handlers.o
 *fill*         0x0800364e        0x2 
 .rodata.FONT_CHARS
                0x08003650      0x2a0 ./src/HAL/TFT/TFT_prog.o
                0x08003650                FONT_CHARS
 .rodata        0x080038f0        0x5 ./src/main.o
 *fill*         0x080038f5        0x3 
 .rodata.car    0x080038f8     0xa000 ./src/main.o
                0x080038f8                car
 .rodata.main.str1.4
                0x0800d8f8       0xb4 ./src/main.o
                                 0xb3 (size before relaxing)
 .rodata._svfprintf_r.str1.1
                0x0800d9ac       0x11 c:/users/maka/documents/02- tools/imt_sdk_win_64/winarm/armgcc/bin/../lib/gcc/arm-none-eabi/7.2.1/../../../../arm-none-eabi/lib/thumb/v7e-m\libg_nano.a(lib_a-nano-svfprintf.o)
 .rodata._printf_i.str1.1
                0x0800d9bd       0x22 c:/users/maka/documents/02- tools/imt_sdk_win_64/winarm/armgcc/bin/../lib/gcc/arm-none-eabi/7.2.1/../../../../arm-none-eabi/lib/thumb/v7e-m\libg_nano.a(lib_a-nano-vfprintf_i.o)
 *(vtable)
 *(.eh_frame*)
 *(.glue_7)
 .glue_7        0x0800d9df        0x0 linker stubs
 *(.glue_7t)
 .glue_7t       0x0800d9df        0x0 linker stubs

.vfp11_veneer   0x0800d9e0        0x0
 .vfp11_veneer  0x0800d9e0        0x0 linker stubs

.v4_bx          0x0800d9e0        0x0
 .v4_bx         0x0800d9e0        0x0 linker stubs

.iplt           0x0800d9e0        0x0
 .iplt          0x0800d9e0        0x0 ./system/src/newlib/_exit.o

.rel.dyn        0x0800d9e0        0x0
 .rel.iplt      0x0800d9e0        0x0 ./system/src/newlib/_exit.o

.ARM.extab
 *(.ARM.extab* .gnu.linkonce.armextab.*)
                0x0800d9e0                . = ALIGN (0x4)
                0x0800d9e0                __exidx_start = .

.ARM.exidx
 *(.ARM.exidx* .gnu.linkonce.armexidx.*)
                0x0800d9e0                __exidx_end = .
                0x0800d9e0                . = ALIGN (0x4)
                0x0800d9e0                _etext = .
                0x0800d9e0                __etext = .

.data_CCMRAM    0x10000000        0x0 load address 0x0800d9e0
 FILL mask 0xff
 *(.data.CCMRAM .data.CCMRAM.*)
                0x10000000                . = ALIGN (0x4)
                0x0800d9e0                _sidata = LOADADDR (.data)

.data           0x20000000       0x98 load address 0x0800d9e0
 FILL mask 0xff
                0x20000000                _sdata = .
                0x20000000                __data_start__ = .
 *(.data_begin .data_begin.*)
 .data_begin    0x20000000        0x4 ./system/src/newlib/_startup.o
 *(.data .data.*)
 .data.argv.4310
                0x20000004        0x8 ./system/src/newlib/_syscalls.o
 .data.config_input_pin_analog
                0x2000000c        0x5 ./src/MCAL/GPIO/GPIO_conf.o
                0x2000000c                config_input_pin_analog
 *fill*         0x20000011        0x3 ff
 .data.config_output_pin_push_pull
                0x20000014        0x5 ./src/MCAL/GPIO/GPIO_conf.o
                0x20000014                config_output_pin_push_pull
 *fill*         0x20000019        0x3 ff
 .data.config_pin_Alt_fun
                0x2000001c        0x5 ./src/MCAL/GPIO/GPIO_conf.o
                0x2000001c                config_pin_Alt_fun
 *fill*         0x20000021        0x3 ff
 .data.config_TFT_pins
                0x20000024        0x4 ./src/HAL/TFT/TFT_conf.o
                0x20000024                config_TFT_pins
 .data.NRF24_conf
                0x20000028        0x4 ./src/HAL/NRF24L01/NRF_conf.o
                0x20000028                NRF24_conf
 .data.JoystickConf
                0x2000002c        0x4 ./src/HAL/Joystick/Joystick_conf.o
                0x2000002c                JoystickConf
 .data._impure_ptr
                0x20000030        0x4 c:/users/maka/documents/02- tools/imt_sdk_win_64/winarm/armgcc/bin/../lib/gcc/arm-none-eabi/7.2.1/../../../../arm-none-eabi/lib/thumb/v7e-m\libg_nano.a(lib_a-impure.o)
                0x20000030                _impure_ptr
 .data.impure_data
                0x20000034       0x60 c:/users/maka/documents/02- tools/imt_sdk_win_64/winarm/armgcc/bin/../lib/gcc/arm-none-eabi/7.2.1/../../../../arm-none-eabi/lib/thumb/v7e-m\libg_nano.a(lib_a-impure.o)
 *(.data_end .data_end.*)
 .data_end      0x20000094        0x4 ./system/src/newlib/_startup.o
                0x20000098                . = ALIGN (0x4)
                0x20000098                _edata = .
                0x20000098                __data_end__ = .

.igot.plt       0x20000098        0x0 load address 0x0800da78
 .igot.plt      0x20000098        0x0 ./system/src/newlib/_exit.o

.bss_CCMRAM     0x10000000        0x0
 *(.bss.CCMRAM .bss.CCMRAM.*)

.bss            0x20000098      0x100
                0x20000098                __bss_start__ = .
                0x20000098                _sbss = .
 *(.bss_begin .bss_begin.*)
 .bss_begin     0x20000098        0x4 ./system/src/newlib/_startup.o
 *(.bss .bss.*)
 .bss.current_heap_end.3961
                0x2000009c        0x4 ./system/src/newlib/_sbrk.o
 .bss.name.4309
                0x200000a0        0x1 ./system/src/newlib/_syscalls.o
 *fill*         0x200000a1        0x3 
 .bss.buf.5205  0x200000a4       0x80 ./system/src/diag/Trace.o
 .bss.GS_u32FullOverFlowCounts
                0x20000124        0x4 ./src/MCAL/SYSTIC/SYSTIC_prog.o
 .bss.GS_u32PartOverFlowCounts
                0x20000128        0x4 ./src/MCAL/SYSTIC/SYSTIC_prog.o
 .bss.GS_u32ResumeFullOverFlowCounts
                0x2000012c        0x4 ./src/MCAL/SYSTIC/SYSTIC_prog.o
 .bss.GS_u8SingleFlag
                0x20000130        0x1 ./src/MCAL/SYSTIC/SYSTIC_prog.o
 *fill*         0x20000131        0x3 
 .bss.G_u32SysTickSetCallBack
                0x20000134        0x4 ./src/MCAL/SYSTIC/SYSTIC_prog.o
 .bss.EXTI_LINE_0_CallBack
                0x20000138        0x4 ./src/MCAL/EXTI/EXTI_prog.o
 .bss.EXTI_LINE_10_CallBack
                0x2000013c        0x4 ./src/MCAL/EXTI/EXTI_prog.o
 .bss.EXTI_LINE_11_CallBack
                0x20000140        0x4 ./src/MCAL/EXTI/EXTI_prog.o
 .bss.EXTI_LINE_12_CallBack
                0x20000144        0x4 ./src/MCAL/EXTI/EXTI_prog.o
 .bss.EXTI_LINE_13_CallBack
                0x20000148        0x4 ./src/MCAL/EXTI/EXTI_prog.o
 .bss.EXTI_LINE_14_CallBack
                0x2000014c        0x4 ./src/MCAL/EXTI/EXTI_prog.o
 .bss.EXTI_LINE_15_CallBack
                0x20000150        0x4 ./src/MCAL/EXTI/EXTI_prog.o
 .bss.EXTI_LINE_1_CallBack
                0x20000154        0x4 ./src/MCAL/EXTI/EXTI_prog.o
 .bss.EXTI_LINE_2_CallBack
                0x20000158        0x4 ./src/MCAL/EXTI/EXTI_prog.o
 .bss.EXTI_LINE_3_CallBack
                0x2000015c        0x4 ./src/MCAL/EXTI/EXTI_prog.o
 .bss.EXTI_LINE_4_CallBack
                0x20000160        0x4 ./src/MCAL/EXTI/EXTI_prog.o
 .bss.EXTI_LINE_5_CallBack
                0x20000164        0x4 ./src/MCAL/EXTI/EXTI_prog.o
 .bss.EXTI_LINE_6_CallBack
                0x20000168        0x4 ./src/MCAL/EXTI/EXTI_prog.o
 .bss.EXTI_LINE_7_CallBack
                0x2000016c        0x4 ./src/MCAL/EXTI/EXTI_prog.o
 .bss.EXTI_LINE_8_CallBack
                0x20000170        0x4 ./src/MCAL/EXTI/EXTI_prog.o
 .bss.EXTI_LINE_9_CallBack
                0x20000174        0x4 ./src/MCAL/EXTI/EXTI_prog.o
 .bss.__malloc_free_list
                0x20000178        0x4 c:/users/maka/documents/02- tools/imt_sdk_win_64/winarm/armgcc/bin/../lib/gcc/arm-none-eabi/7.2.1/../../../../arm-none-eabi/lib/thumb/v7e-m\libg_nano.a(lib_a-nano-mallocr.o)
                0x20000178                __malloc_free_list
 .bss.__malloc_sbrk_start
                0x2000017c        0x4 c:/users/maka/documents/02- tools/imt_sdk_win_64/winarm/armgcc/bin/../lib/gcc/arm-none-eabi/7.2.1/../../../../arm-none-eabi/lib/thumb/v7e-m\libg_nano.a(lib_a-nano-mallocr.o)
                0x2000017c                __malloc_sbrk_start
 *(COMMON)
 COMMON         0x20000180        0x4 ./system/src/newlib/_syscalls.o
                0x20000180                errno
 COMMON         0x20000184        0x4 ./src/MCAL/ADC/ADC_prog.o
                0x20000184                ADC_Callback
 COMMON         0x20000188        0xc ./src/HAL/Joystick/Joystick_prog.o
                0x20000188                L_xPosition
 *(.bss_end .bss_end.*)
 .bss_end       0x20000194        0x4 ./system/src/newlib/_startup.o
                0x20000198                . = ALIGN (0x4)
                0x20000198                __bss_end__ = .
                0x20000198                _ebss = .

.noinit_CCMRAM
 *(.noinit.CCMRAM .noinit.CCMRAM.*)

.noinit         0x20000198        0x0
                0x20000198                _noinit = .
 *(.noinit .noinit.*)
                0x20000198                . = ALIGN (0x4)
                0x20000198                _end_noinit = .
                [!provide]                PROVIDE (end, _end_noinit)
                [!provide]                PROVIDE (_end, _end_noinit)
                [!provide]                PROVIDE (__end, _end_noinit)
                [!provide]                PROVIDE (__end__, _end_noinit)

._check_stack   0x20000198      0x100
                0x20000298                . = (. + _Minimum_Stack_Size)
 *fill*         0x20000198      0x100 

.b1text
 *(.b1text)
 *(.b1rodata)
 *(.b1rodata.*)

.eb0text
 *(.eb0text)
 *(.eb0rodata)
 *(.eb0rodata.*)

.eb1text
 *(.eb1text)
 *(.eb1rodata)
 *(.eb1rodata.*)

.eb2text
 *(.eb2text)
 *(.eb2rodata)
 *(.eb2rodata.*)

.eb3text
 *(.eb3text)
 *(.eb3rodata)
 *(.eb3rodata.*)

.stab
 *(.stab)

.stabstr
 *(.stabstr)

.stab.excl
 *(.stab.excl)

.stab.exclstr
 *(.stab.exclstr)

.stab.index
 *(.stab.index)

.stab.indexstr
 *(.stab.indexstr)

.comment        0x00000000       0x7e
 *(.comment)
 .comment       0x00000000       0x7e ./system/src/newlib/_exit.o
                                 0x7f (size before relaxing)
 .comment       0x0000007e       0x7f ./system/src/newlib/_sbrk.o
 .comment       0x0000007e       0x7f ./system/src/newlib/_startup.o
 .comment       0x0000007e       0x7f ./system/src/newlib/_syscalls.o
 .comment       0x0000007e       0x7f ./system/src/diag/Trace.o
 .comment       0x0000007e       0x7f ./system/src/diag/trace_impl.o
 .comment       0x0000007e       0x7f ./system/src/cortexm/_initialize_hardware.o
 .comment       0x0000007e       0x7f ./system/src/cortexm/exception_handlers.o
 .comment       0x0000007e       0x7f ./system/src/cmsis/system_stm32f4xx.o
 .comment       0x0000007e       0x7f ./system/src/cmsis/vectors_stm32f401xc.o
 .comment       0x0000007e       0x7f ./src/MCAL/SYSTIC/SYSTIC_prog.o
 .comment       0x0000007e       0x7f ./src/MCAL/SPI/SPI_prog.o
 .comment       0x0000007e       0x7f ./src/MCAL/RCC/RCC_prog.o
 .comment       0x0000007e       0x7f ./src/MCAL/NVIC/NVIC_prog.o
 .comment       0x0000007e       0x7f ./src/MCAL/GPIO/GPIO_conf.o
 .comment       0x0000007e       0x7f ./src/MCAL/GPIO/GPIO_prog.o
 .comment       0x0000007e       0x7f ./src/MCAL/EXTI/EXTI_prog.o
 .comment       0x0000007e       0x7f ./src/MCAL/ADC/ADC_prog.o
 .comment       0x0000007e       0x7f ./src/HAL/TFT/TFT_conf.o
 .comment       0x0000007e       0x7f ./src/HAL/TFT/TFT_prog.o
 .comment       0x0000007e       0x7f ./src/HAL/NRF24L01/NRF_conf.o
 .comment       0x0000007e       0x7f ./src/HAL/NRF24L01/NRF_prog.o
 .comment       0x0000007e       0x7f ./src/HAL/LED/LED_prog.o
 .comment       0x0000007e       0x7f ./src/HAL/Joystick/Joystick_conf.o
 .comment       0x0000007e       0x7f ./src/HAL/Joystick/Joystick_prog.o
 .comment       0x0000007e       0x7f ./src/_initialize_hardware.o
 .comment       0x0000007e       0x7f ./src/main.o

.ARM.attributes
                0x00000000       0x31
 .ARM.attributes
                0x00000000       0x33 ./system/src/newlib/_exit.o
 .ARM.attributes
                0x00000033       0x33 ./system/src/newlib/_sbrk.o
 .ARM.attributes
                0x00000066       0x33 ./system/src/newlib/_startup.o
 .ARM.attributes
                0x00000099       0x33 ./system/src/newlib/_syscalls.o
 .ARM.attributes
                0x000000cc       0x33 ./system/src/diag/Trace.o
 .ARM.attributes
                0x000000ff       0x33 ./system/src/diag/trace_impl.o
 .ARM.attributes
                0x00000132       0x33 ./system/src/cortexm/_initialize_hardware.o
 .ARM.attributes
                0x00000165       0x33 ./system/src/cortexm/exception_handlers.o
 .ARM.attributes
                0x00000198       0x33 ./system/src/cmsis/system_stm32f4xx.o
 .ARM.attributes
                0x000001cb       0x33 ./system/src/cmsis/vectors_stm32f401xc.o
 .ARM.attributes
                0x000001fe       0x33 ./src/MCAL/SYSTIC/SYSTIC_prog.o
 .ARM.attributes
                0x00000231       0x33 ./src/MCAL/SPI/SPI_prog.o
 .ARM.attributes
                0x00000264       0x33 ./src/MCAL/RCC/RCC_prog.o
 .ARM.attributes
                0x00000297       0x33 ./src/MCAL/NVIC/NVIC_prog.o
 .ARM.attributes
                0x000002ca       0x33 ./src/MCAL/GPIO/GPIO_conf.o
 .ARM.attributes
                0x000002fd       0x33 ./src/MCAL/GPIO/GPIO_prog.o
 .ARM.attributes
                0x00000330       0x33 ./src/MCAL/EXTI/EXTI_prog.o
 .ARM.attributes
                0x00000363       0x33 ./src/MCAL/ADC/ADC_prog.o
 .ARM.attributes
                0x00000396       0x33 ./src/HAL/TFT/TFT_conf.o
 .ARM.attributes
                0x000003c9       0x33 ./src/HAL/TFT/TFT_prog.o
 .ARM.attributes
                0x000003fc       0x33 ./src/HAL/NRF24L01/NRF_conf.o
 .ARM.attributes
                0x0000042f       0x33 ./src/HAL/NRF24L01/NRF_prog.o
 .ARM.attributes
                0x00000462       0x33 ./src/HAL/LED/LED_prog.o
 .ARM.attributes
                0x00000495       0x33 ./src/HAL/Joystick/Joystick_conf.o
 .ARM.attributes
                0x000004c8       0x33 ./src/HAL/Joystick/Joystick_prog.o
 .ARM.attributes
                0x000004fb       0x33 ./src/_initialize_hardware.o
 .ARM.attributes
                0x0000052e       0x33 ./src/main.o
 .ARM.attributes
                0x00000561       0x1e c:/users/maka/documents/02- tools/imt_sdk_win_64/winarm/armgcc/bin/../lib/gcc/arm-none-eabi/7.2.1/thumb/v7e-m\libgcc.a(_arm_addsubdf3.o)
 .ARM.attributes
                0x0000057f       0x1e c:/users/maka/documents/02- tools/imt_sdk_win_64/winarm/armgcc/bin/../lib/gcc/arm-none-eabi/7.2.1/thumb/v7e-m\libgcc.a(_arm_muldivdf3.o)
 .ARM.attributes
                0x0000059d       0x1e c:/users/maka/documents/02- tools/imt_sdk_win_64/winarm/armgcc/bin/../lib/gcc/arm-none-eabi/7.2.1/thumb/v7e-m\libgcc.a(_arm_fixunsdfsi.o)
 .ARM.attributes
                0x000005bb       0x1e c:/users/maka/documents/02- tools/imt_sdk_win_64/winarm/armgcc/bin/../lib/gcc/arm-none-eabi/7.2.1/thumb/v7e-m\libgcc.a(_arm_addsubsf3.o)
 .ARM.attributes
                0x000005d9       0x1e c:/users/maka/documents/02- tools/imt_sdk_win_64/winarm/armgcc/bin/../lib/gcc/arm-none-eabi/7.2.1/thumb/v7e-m\libgcc.a(_arm_muldivsf3.o)
 .ARM.attributes
                0x000005f7       0x1e c:/users/maka/documents/02- tools/imt_sdk_win_64/winarm/armgcc/bin/../lib/gcc/arm-none-eabi/7.2.1/thumb/v7e-m\libgcc.a(_arm_fixunssfsi.o)
 .ARM.attributes
                0x00000615       0x2e c:/users/maka/documents/02- tools/imt_sdk_win_64/winarm/armgcc/bin/../lib/gcc/arm-none-eabi/7.2.1/../../../../arm-none-eabi/lib/thumb/v7e-m\libg_nano.a(lib_a-errno.o)
 .ARM.attributes
                0x00000643       0x2e c:/users/maka/documents/02- tools/imt_sdk_win_64/winarm/armgcc/bin/../lib/gcc/arm-none-eabi/7.2.1/../../../../arm-none-eabi/lib/thumb/v7e-m\libg_nano.a(lib_a-impure.o)
 .ARM.attributes
                0x00000671       0x2e c:/users/maka/documents/02- tools/imt_sdk_win_64/winarm/armgcc/bin/../lib/gcc/arm-none-eabi/7.2.1/../../../../arm-none-eabi/lib/thumb/v7e-m\libg_nano.a(lib_a-vsnprintf.o)
 .ARM.attributes
                0x0000069f       0x2e c:/users/maka/documents/02- tools/imt_sdk_win_64/winarm/armgcc/bin/../lib/gcc/arm-none-eabi/7.2.1/../../../../arm-none-eabi/lib/thumb/v7e-m\libg_nano.a(lib_a-nano-svfprintf.o)
 .ARM.attributes
                0x000006cd       0x2e c:/users/maka/documents/02- tools/imt_sdk_win_64/winarm/armgcc/bin/../lib/gcc/arm-none-eabi/7.2.1/../../../../arm-none-eabi/lib/thumb/v7e-m\libg_nano.a(lib_a-nano-vfprintf_i.o)
 .ARM.attributes
                0x000006fb       0x1c c:/users/maka/documents/02- tools/imt_sdk_win_64/winarm/armgcc/bin/../lib/gcc/arm-none-eabi/7.2.1/../../../../arm-none-eabi/lib/thumb/v7e-m\libg_nano.a(lib_a-memchr.o)
 .ARM.attributes
                0x00000717       0x2e c:/users/maka/documents/02- tools/imt_sdk_win_64/winarm/armgcc/bin/../lib/gcc/arm-none-eabi/7.2.1/../../../../arm-none-eabi/lib/thumb/v7e-m\libg_nano.a(lib_a-memcpy-stub.o)
 .ARM.attributes
                0x00000745       0x2e c:/users/maka/documents/02- tools/imt_sdk_win_64/winarm/armgcc/bin/../lib/gcc/arm-none-eabi/7.2.1/../../../../arm-none-eabi/lib/thumb/v7e-m\libg_nano.a(lib_a-memmove.o)
 .ARM.attributes
                0x00000773       0x2e c:/users/maka/documents/02- tools/imt_sdk_win_64/winarm/armgcc/bin/../lib/gcc/arm-none-eabi/7.2.1/../../../../arm-none-eabi/lib/thumb/v7e-m\libg_nano.a(lib_a-nano-freer.o)
 .ARM.attributes
                0x000007a1       0x2e c:/users/maka/documents/02- tools/imt_sdk_win_64/winarm/armgcc/bin/../lib/gcc/arm-none-eabi/7.2.1/../../../../arm-none-eabi/lib/thumb/v7e-m\libg_nano.a(lib_a-nano-mallocr.o)
 .ARM.attributes
                0x000007cf       0x2e c:/users/maka/documents/02- tools/imt_sdk_win_64/winarm/armgcc/bin/../lib/gcc/arm-none-eabi/7.2.1/../../../../arm-none-eabi/lib/thumb/v7e-m\libg_nano.a(lib_a-nano-reallocr.o)
 .ARM.attributes
                0x000007fd       0x2e c:/users/maka/documents/02- tools/imt_sdk_win_64/winarm/armgcc/bin/../lib/gcc/arm-none-eabi/7.2.1/../../../../arm-none-eabi/lib/thumb/v7e-m\libg_nano.a(lib_a-sbrkr.o)
 .ARM.attributes
                0x0000082b       0x2e c:/users/maka/documents/02- tools/imt_sdk_win_64/winarm/armgcc/bin/../lib/gcc/arm-none-eabi/7.2.1/../../../../arm-none-eabi/lib/thumb/v7e-m\libg_nano.a(lib_a-mlock.o)
 .ARM.attributes
                0x00000859       0x2e c:/users/maka/documents/02- tools/imt_sdk_win_64/winarm/armgcc/bin/../lib/gcc/arm-none-eabi/7.2.1/../../../../arm-none-eabi/lib/thumb/v7e-m\libg_nano.a(lib_a-nano-msizer.o)

.debug
 *(.debug)

.line
 *(.line)

.debug_srcinfo
 *(.debug_srcinfo)

.debug_sfnames
 *(.debug_sfnames)

.debug_aranges  0x00000000      0x658
 *(.debug_aranges)
 .debug_aranges
                0x00000000       0x28 ./system/src/newlib/_exit.o
 .debug_aranges
                0x00000028       0x20 ./system/src/newlib/_sbrk.o
 .debug_aranges
                0x00000048       0x40 ./system/src/newlib/_startup.o
 .debug_aranges
                0x00000088       0x30 ./system/src/newlib/_syscalls.o
 .debug_aranges
                0x000000b8       0x38 ./system/src/diag/Trace.o
 .debug_aranges
                0x000000f0       0x30 ./system/src/diag/trace_impl.o
 .debug_aranges
                0x00000120       0x28 ./system/src/cortexm/_initialize_hardware.o
 .debug_aranges
                0x00000148       0x90 ./system/src/cortexm/exception_handlers.o
 .debug_aranges
                0x000001d8       0x28 ./system/src/cmsis/system_stm32f4xx.o
 .debug_aranges
                0x00000200       0x20 ./system/src/cmsis/vectors_stm32f401xc.o
 .debug_aranges
                0x00000220       0x58 ./src/MCAL/SYSTIC/SYSTIC_prog.o
 .debug_aranges
                0x00000278       0x30 ./src/MCAL/SPI/SPI_prog.o
 .debug_aranges
                0x000002a8       0x30 ./src/MCAL/RCC/RCC_prog.o
 .debug_aranges
                0x000002d8       0x50 ./src/MCAL/NVIC/NVIC_prog.o
 .debug_aranges
                0x00000328       0x18 ./src/MCAL/GPIO/GPIO_conf.o
 .debug_aranges
                0x00000340       0x60 ./src/MCAL/GPIO/GPIO_prog.o
 .debug_aranges
                0x000003a0       0x88 ./src/MCAL/EXTI/EXTI_prog.o
 .debug_aranges
                0x00000428       0x50 ./src/MCAL/ADC/ADC_prog.o
 .debug_aranges
                0x00000478       0x18 ./src/HAL/TFT/TFT_conf.o
 .debug_aranges
                0x00000490       0x78 ./src/HAL/TFT/TFT_prog.o
 .debug_aranges
                0x00000508       0x18 ./src/HAL/NRF24L01/NRF_conf.o
 .debug_aranges
                0x00000520       0x70 ./src/HAL/NRF24L01/NRF_prog.o
 .debug_aranges
                0x00000590       0x38 ./src/HAL/LED/LED_prog.o
 .debug_aranges
                0x000005c8       0x18 ./src/HAL/Joystick/Joystick_conf.o
 .debug_aranges
                0x000005e0       0x30 ./src/HAL/Joystick/Joystick_prog.o
 .debug_aranges
                0x00000610       0x28 ./src/_initialize_hardware.o
 .debug_aranges
                0x00000638       0x20 ./src/main.o

.debug_pubnames
 *(.debug_pubnames)

.debug_info     0x00000000     0xbc96
 *(.debug_info .gnu.linkonce.wi.*)
 .debug_info    0x00000000      0x956 ./system/src/newlib/_exit.o
 .debug_info    0x00000956      0x942 ./system/src/newlib/_sbrk.o
 .debug_info    0x00001298      0x4bf ./system/src/newlib/_startup.o
 .debug_info    0x00001757      0xa19 ./system/src/newlib/_syscalls.o
 .debug_info    0x00002170      0xb2a ./system/src/diag/Trace.o
 .debug_info    0x00002c9a      0xb6b ./system/src/diag/trace_impl.o
 .debug_info    0x00003805      0xade ./system/src/cortexm/_initialize_hardware.o
 .debug_info    0x000042e3     0x115a ./system/src/cortexm/exception_handlers.o
 .debug_info    0x0000543d      0xcfe ./system/src/cmsis/system_stm32f4xx.o
 .debug_info    0x0000613b       0xca ./system/src/cmsis/vectors_stm32f401xc.o
 .debug_info    0x00006205      0x265 ./src/MCAL/SYSTIC/SYSTIC_prog.o
 .debug_info    0x0000646a      0x4a1 ./src/MCAL/SPI/SPI_prog.o
 .debug_info    0x0000690b      0x29d ./src/MCAL/RCC/RCC_prog.o
 .debug_info    0x00006ba8      0x338 ./src/MCAL/NVIC/NVIC_prog.o
 .debug_info    0x00006ee0      0x12b ./src/MCAL/GPIO/GPIO_conf.o
 .debug_info    0x0000700b      0x479 ./src/MCAL/GPIO/GPIO_prog.o
 .debug_info    0x00007484      0x660 ./src/MCAL/EXTI/EXTI_prog.o
 .debug_info    0x00007ae4      0x496 ./src/MCAL/ADC/ADC_prog.o
 .debug_info    0x00007f7a       0xb9 ./src/HAL/TFT/TFT_conf.o
 .debug_info    0x00008033     0x16ef ./src/HAL/TFT/TFT_prog.o
 .debug_info    0x00009722       0xb9 ./src/HAL/NRF24L01/NRF_conf.o
 .debug_info    0x000097db      0x8b6 ./src/HAL/NRF24L01/NRF_prog.o
 .debug_info    0x0000a091      0x4bc ./src/HAL/LED/LED_prog.o
 .debug_info    0x0000a54d       0xb9 ./src/HAL/Joystick/Joystick_conf.o
 .debug_info    0x0000a606      0x254 ./src/HAL/Joystick/Joystick_prog.o
 .debug_info    0x0000a85a      0xcfe ./src/_initialize_hardware.o
 .debug_info    0x0000b558      0x73e ./src/main.o

.debug_abbrev   0x00000000     0x2875
 *(.debug_abbrev)
 .debug_abbrev  0x00000000      0x1f3 ./system/src/newlib/_exit.o
 .debug_abbrev  0x000001f3      0x1fc ./system/src/newlib/_sbrk.o
 .debug_abbrev  0x000003ef      0x1cb ./system/src/newlib/_startup.o
 .debug_abbrev  0x000005ba      0x234 ./system/src/newlib/_syscalls.o
 .debug_abbrev  0x000007ee      0x276 ./system/src/diag/Trace.o
 .debug_abbrev  0x00000a64      0x2ef ./system/src/diag/trace_impl.o
 .debug_abbrev  0x00000d53      0x1de ./system/src/cortexm/_initialize_hardware.o
 .debug_abbrev  0x00000f31      0x32b ./system/src/cortexm/exception_handlers.o
 .debug_abbrev  0x0000125c      0x216 ./system/src/cmsis/system_stm32f4xx.o
 .debug_abbrev  0x00001472       0x9d ./system/src/cmsis/vectors_stm32f401xc.o
 .debug_abbrev  0x0000150f      0x117 ./src/MCAL/SYSTIC/SYSTIC_prog.o
 .debug_abbrev  0x00001626      0x131 ./src/MCAL/SPI/SPI_prog.o
 .debug_abbrev  0x00001757       0xa8 ./src/MCAL/RCC/RCC_prog.o
 .debug_abbrev  0x000017ff      0x130 ./src/MCAL/NVIC/NVIC_prog.o
 .debug_abbrev  0x0000192f       0x65 ./src/MCAL/GPIO/GPIO_conf.o
 .debug_abbrev  0x00001994      0x14b ./src/MCAL/GPIO/GPIO_prog.o
 .debug_abbrev  0x00001adf      0x137 ./src/MCAL/EXTI/EXTI_prog.o
 .debug_abbrev  0x00001c16      0x1a3 ./src/MCAL/ADC/ADC_prog.o
 .debug_abbrev  0x00001db9       0x65 ./src/HAL/TFT/TFT_conf.o
 .debug_abbrev  0x00001e1e      0x2f8 ./src/HAL/TFT/TFT_prog.o
 .debug_abbrev  0x00002116       0x65 ./src/HAL/NRF24L01/NRF_conf.o
 .debug_abbrev  0x0000217b      0x171 ./src/HAL/NRF24L01/NRF_prog.o
 .debug_abbrev  0x000022ec       0xc7 ./src/HAL/LED/LED_prog.o
 .debug_abbrev  0x000023b3       0x65 ./src/HAL/Joystick/Joystick_conf.o
 .debug_abbrev  0x00002418      0x106 ./src/HAL/Joystick/Joystick_prog.o
 .debug_abbrev  0x0000251e      0x234 ./src/_initialize_hardware.o
 .debug_abbrev  0x00002752      0x123 ./src/main.o

.debug_line     0x00000000     0x6577
 *(.debug_line)
 .debug_line    0x00000000      0x373 ./system/src/newlib/_exit.o
 .debug_line    0x00000373      0x327 ./system/src/newlib/_sbrk.o
 .debug_line    0x0000069a      0x3ef ./system/src/newlib/_startup.o
 .debug_line    0x00000a89      0x446 ./system/src/newlib/_syscalls.o
 .debug_line    0x00000ecf      0x3ef ./system/src/diag/Trace.o
 .debug_line    0x000012be      0xae3 ./system/src/diag/trace_impl.o
 .debug_line    0x00001da1      0xa4c ./system/src/cortexm/_initialize_hardware.o
 .debug_line    0x000027ed      0xb9a ./system/src/cortexm/exception_handlers.o
 .debug_line    0x00003387      0xa52 ./system/src/cmsis/system_stm32f4xx.o
 .debug_line    0x00003dd9      0x10b ./system/src/cmsis/vectors_stm32f401xc.o
 .debug_line    0x00003ee4      0x1aa ./src/MCAL/SYSTIC/SYSTIC_prog.o
 .debug_line    0x0000408e      0x1a2 ./src/MCAL/SPI/SPI_prog.o
 .debug_line    0x00004230      0x111 ./src/MCAL/RCC/RCC_prog.o
 .debug_line    0x00004341      0x135 ./src/MCAL/NVIC/NVIC_prog.o
 .debug_line    0x00004476       0xa9 ./src/MCAL/GPIO/GPIO_conf.o
 .debug_line    0x0000451f      0x223 ./src/MCAL/GPIO/GPIO_prog.o
 .debug_line    0x00004742      0x2ea ./src/MCAL/EXTI/EXTI_prog.o
 .debug_line    0x00004a2c      0x1e6 ./src/MCAL/ADC/ADC_prog.o
 .debug_line    0x00004c12       0xac ./src/HAL/TFT/TFT_conf.o
 .debug_line    0x00004cbe      0x507 ./src/HAL/TFT/TFT_prog.o
 .debug_line    0x000051c5       0xda ./src/HAL/NRF24L01/NRF_conf.o
 .debug_line    0x0000529f      0x240 ./src/HAL/NRF24L01/NRF_prog.o
 .debug_line    0x000054df      0x13d ./src/HAL/LED/LED_prog.o
 .debug_line    0x0000561c      0x152 ./src/HAL/Joystick/Joystick_conf.o
 .debug_line    0x0000576e      0x1d9 ./src/HAL/Joystick/Joystick_prog.o
 .debug_line    0x00005947      0xa42 ./src/_initialize_hardware.o
 .debug_line    0x00006389      0x1ee ./src/main.o

.debug_frame    0x00000000     0x1170
 *(.debug_frame)
 .debug_frame   0x00000000       0x38 ./system/src/newlib/_exit.o
 .debug_frame   0x00000038       0x28 ./system/src/newlib/_sbrk.o
 .debug_frame   0x00000060       0x7c ./system/src/newlib/_startup.o
 .debug_frame   0x000000dc       0x50 ./system/src/newlib/_syscalls.o
 .debug_frame   0x0000012c       0x94 ./system/src/diag/Trace.o
 .debug_frame   0x000001c0       0x64 ./system/src/diag/trace_impl.o
 .debug_frame   0x00000224       0x40 ./system/src/cortexm/_initialize_hardware.o
 .debug_frame   0x00000264      0x158 ./system/src/cortexm/exception_handlers.o
 .debug_frame   0x000003bc       0x30 ./system/src/cmsis/system_stm32f4xx.o
 .debug_frame   0x000003ec       0x20 ./system/src/cmsis/vectors_stm32f401xc.o
 .debug_frame   0x0000040c       0xb0 ./src/MCAL/SYSTIC/SYSTIC_prog.o
 .debug_frame   0x000004bc       0x48 ./src/MCAL/SPI/SPI_prog.o
 .debug_frame   0x00000504       0x40 ./src/MCAL/RCC/RCC_prog.o
 .debug_frame   0x00000544       0x8c ./src/MCAL/NVIC/NVIC_prog.o
 .debug_frame   0x000005d0       0xf0 ./src/MCAL/GPIO/GPIO_prog.o
 .debug_frame   0x000006c0      0x164 ./src/MCAL/EXTI/EXTI_prog.o
 .debug_frame   0x00000824       0xac ./src/MCAL/ADC/ADC_prog.o
 .debug_frame   0x000008d0      0x190 ./src/HAL/TFT/TFT_prog.o
 .debug_frame   0x00000a60      0x144 ./src/HAL/NRF24L01/NRF_prog.o
 .debug_frame   0x00000ba4       0x70 ./src/HAL/LED/LED_prog.o
 .debug_frame   0x00000c14       0x5c ./src/HAL/Joystick/Joystick_prog.o
 .debug_frame   0x00000c70       0x44 ./src/_initialize_hardware.o
 .debug_frame   0x00000cb4       0x2c ./src/main.o
 .debug_frame   0x00000ce0       0xac c:/users/maka/documents/02- tools/imt_sdk_win_64/winarm/armgcc/bin/../lib/gcc/arm-none-eabi/7.2.1/thumb/v7e-m\libgcc.a(_arm_addsubdf3.o)
 .debug_frame   0x00000d8c       0x50 c:/users/maka/documents/02- tools/imt_sdk_win_64/winarm/armgcc/bin/../lib/gcc/arm-none-eabi/7.2.1/thumb/v7e-m\libgcc.a(_arm_muldivdf3.o)
 .debug_frame   0x00000ddc       0x24 c:/users/maka/documents/02- tools/imt_sdk_win_64/winarm/armgcc/bin/../lib/gcc/arm-none-eabi/7.2.1/thumb/v7e-m\libgcc.a(_arm_fixunsdfsi.o)
 .debug_frame   0x00000e00       0x4c c:/users/maka/documents/02- tools/imt_sdk_win_64/winarm/armgcc/bin/../lib/gcc/arm-none-eabi/7.2.1/thumb/v7e-m\libgcc.a(_arm_addsubsf3.o)
 .debug_frame   0x00000e4c       0x38 c:/users/maka/documents/02- tools/imt_sdk_win_64/winarm/armgcc/bin/../lib/gcc/arm-none-eabi/7.2.1/thumb/v7e-m\libgcc.a(_arm_muldivsf3.o)
 .debug_frame   0x00000e84       0x24 c:/users/maka/documents/02- tools/imt_sdk_win_64/winarm/armgcc/bin/../lib/gcc/arm-none-eabi/7.2.1/thumb/v7e-m\libgcc.a(_arm_fixunssfsi.o)
 .debug_frame   0x00000ea8       0x20 c:/users/maka/documents/02- tools/imt_sdk_win_64/winarm/armgcc/bin/../lib/gcc/arm-none-eabi/7.2.1/../../../../arm-none-eabi/lib/thumb/v7e-m\libg_nano.a(lib_a-errno.o)
 .debug_frame   0x00000ec8       0x4c c:/users/maka/documents/02- tools/imt_sdk_win_64/winarm/armgcc/bin/../lib/gcc/arm-none-eabi/7.2.1/../../../../arm-none-eabi/lib/thumb/v7e-m\libg_nano.a(lib_a-vsnprintf.o)
 .debug_frame   0x00000f14       0x90 c:/users/maka/documents/02- tools/imt_sdk_win_64/winarm/armgcc/bin/../lib/gcc/arm-none-eabi/7.2.1/../../../../arm-none-eabi/lib/thumb/v7e-m\libg_nano.a(lib_a-nano-svfprintf.o)
 .debug_frame   0x00000fa4       0x60 c:/users/maka/documents/02- tools/imt_sdk_win_64/winarm/armgcc/bin/../lib/gcc/arm-none-eabi/7.2.1/../../../../arm-none-eabi/lib/thumb/v7e-m\libg_nano.a(lib_a-nano-vfprintf_i.o)
 .debug_frame   0x00001004       0x28 c:/users/maka/documents/02- tools/imt_sdk_win_64/winarm/armgcc/bin/../lib/gcc/arm-none-eabi/7.2.1/../../../../arm-none-eabi/lib/thumb/v7e-m\libg_nano.a(lib_a-memcpy-stub.o)
 .debug_frame   0x0000102c       0x28 c:/users/maka/documents/02- tools/imt_sdk_win_64/winarm/armgcc/bin/../lib/gcc/arm-none-eabi/7.2.1/../../../../arm-none-eabi/lib/thumb/v7e-m\libg_nano.a(lib_a-memmove.o)
 .debug_frame   0x00001054       0x38 c:/users/maka/documents/02- tools/imt_sdk_win_64/winarm/armgcc/bin/../lib/gcc/arm-none-eabi/7.2.1/../../../../arm-none-eabi/lib/thumb/v7e-m\libg_nano.a(lib_a-nano-freer.o)
 .debug_frame   0x0000108c       0x2c c:/users/maka/documents/02- tools/imt_sdk_win_64/winarm/armgcc/bin/../lib/gcc/arm-none-eabi/7.2.1/../../../../arm-none-eabi/lib/thumb/v7e-m\libg_nano.a(lib_a-nano-mallocr.o)
 .debug_frame   0x000010b8       0x3c c:/users/maka/documents/02- tools/imt_sdk_win_64/winarm/armgcc/bin/../lib/gcc/arm-none-eabi/7.2.1/../../../../arm-none-eabi/lib/thumb/v7e-m\libg_nano.a(lib_a-nano-reallocr.o)
 .debug_frame   0x000010f4       0x2c c:/users/maka/documents/02- tools/imt_sdk_win_64/winarm/armgcc/bin/../lib/gcc/arm-none-eabi/7.2.1/../../../../arm-none-eabi/lib/thumb/v7e-m\libg_nano.a(lib_a-sbrkr.o)
 .debug_frame   0x00001120       0x30 c:/users/maka/documents/02- tools/imt_sdk_win_64/winarm/armgcc/bin/../lib/gcc/arm-none-eabi/7.2.1/../../../../arm-none-eabi/lib/thumb/v7e-m\libg_nano.a(lib_a-mlock.o)
 .debug_frame   0x00001150       0x20 c:/users/maka/documents/02- tools/imt_sdk_win_64/winarm/armgcc/bin/../lib/gcc/arm-none-eabi/7.2.1/../../../../arm-none-eabi/lib/thumb/v7e-m\libg_nano.a(lib_a-nano-msizer.o)

.debug_str      0x00000000    0x76861
 *(.debug_str)
 .debug_str     0x00000000     0x7d22 ./system/src/newlib/_exit.o
                               0x7ef5 (size before relaxing)
 .debug_str     0x00007d22      0x4f5 ./system/src/newlib/_sbrk.o
                               0x72a7 (size before relaxing)
 .debug_str     0x00008217      0xc23 ./system/src/newlib/_startup.o
                               0x6a48 (size before relaxing)
 .debug_str     0x00008e3a      0xe8b ./system/src/newlib/_syscalls.o
                               0x8182 (size before relaxing)
 .debug_str     0x00009cc5      0x826 ./system/src/diag/Trace.o
                               0x866d (size before relaxing)
 .debug_str     0x0000a4eb    0x67a2e ./system/src/diag/trace_impl.o
                              0x70993 (size before relaxing)
 .debug_str     0x00071f19       0xc4 ./system/src/cortexm/_initialize_hardware.o
                              0x6f725 (size before relaxing)
 .debug_str     0x00071fdd      0x1a6 ./system/src/cortexm/exception_handlers.o
                              0x70b1d (size before relaxing)
 .debug_str     0x00072183      0x164 ./system/src/cmsis/system_stm32f4xx.o
                              0x6f806 (size before relaxing)
 .debug_str     0x000722e7       0x59 ./system/src/cmsis/vectors_stm32f401xc.o
                               0x3885 (size before relaxing)
 .debug_str     0x00072340      0x4a1 ./src/MCAL/SYSTIC/SYSTIC_prog.o
                               0x3254 (size before relaxing)
 .debug_str     0x000727e1      0xae8 ./src/MCAL/SPI/SPI_prog.o
                               0x3a23 (size before relaxing)
 .debug_str     0x000732c9      0x3c8 ./src/MCAL/RCC/RCC_prog.o
                               0x3642 (size before relaxing)
 .debug_str     0x00073691      0x8f9 ./src/MCAL/NVIC/NVIC_prog.o
                               0x3846 (size before relaxing)
 .debug_str     0x00073f8a      0x23f ./src/MCAL/GPIO/GPIO_conf.o
                               0x34ab (size before relaxing)
 .debug_str     0x000741c9      0x19f ./src/MCAL/GPIO/GPIO_prog.o
                               0x381c (size before relaxing)
 .debug_str     0x00074368      0x546 ./src/MCAL/EXTI/EXTI_prog.o
                               0x4076 (size before relaxing)
 .debug_str     0x000748ae      0x969 ./src/MCAL/ADC/ADC_prog.o
                               0x44c1 (size before relaxing)
 .debug_str     0x00075217       0x71 ./src/HAL/TFT/TFT_conf.o
                               0x328d (size before relaxing)
 .debug_str     0x00075288      0xc0d ./src/HAL/TFT/TFT_prog.o
                               0x734a (size before relaxing)
 .debug_str     0x00075e95      0x2d3 ./src/HAL/NRF24L01/NRF_conf.o
                               0x34fa (size before relaxing)
 .debug_str     0x00076168      0x160 ./src/HAL/NRF24L01/NRF_prog.o
                               0x3779 (size before relaxing)
 .debug_str     0x000762c8      0x24a ./src/HAL/LED/LED_prog.o
                               0x338d (size before relaxing)
 .debug_str     0x00076512       0xe7 ./src/HAL/Joystick/Joystick_conf.o
                               0x359f (size before relaxing)
 .debug_str     0x000765f9       0x72 ./src/HAL/Joystick/Joystick_prog.o
                               0x36a5 (size before relaxing)
 .debug_str     0x0007666b      0x19a ./src/_initialize_hardware.o
                              0x6f8fd (size before relaxing)
 .debug_str     0x00076805       0x5c ./src/main.o
                               0x35d4 (size before relaxing)

.debug_loc      0x00000000     0x2a90
 *(.debug_loc)
 .debug_loc     0x00000000       0x85 ./system/src/newlib/_sbrk.o
 .debug_loc     0x00000085      0x2cb ./system/src/newlib/_startup.o
 .debug_loc     0x00000350       0x63 ./system/src/newlib/_syscalls.o
 .debug_loc     0x000003b3       0xf6 ./system/src/diag/Trace.o
 .debug_loc     0x000004a9      0x121 ./system/src/diag/trace_impl.o
 .debug_loc     0x000005ca      0x291 ./system/src/cortexm/exception_handlers.o
 .debug_loc     0x0000085b      0x13e ./system/src/cmsis/system_stm32f4xx.o
 .debug_loc     0x00000999       0xd3 ./src/MCAL/SYSTIC/SYSTIC_prog.o
 .debug_loc     0x00000a6c       0xda ./src/MCAL/SPI/SPI_prog.o
 .debug_loc     0x00000b46      0x134 ./src/MCAL/RCC/RCC_prog.o
 .debug_loc     0x00000c7a      0x1f2 ./src/MCAL/NVIC/NVIC_prog.o
 .debug_loc     0x00000e6c      0xad2 ./src/MCAL/GPIO/GPIO_prog.o
 .debug_loc     0x0000193e      0x256 ./src/MCAL/EXTI/EXTI_prog.o
 .debug_loc     0x00001b94      0x266 ./src/MCAL/ADC/ADC_prog.o
 .debug_loc     0x00001dfa      0x6cd ./src/HAL/TFT/TFT_prog.o
 .debug_loc     0x000024c7      0x3f1 ./src/HAL/NRF24L01/NRF_prog.o
 .debug_loc     0x000028b8       0x84 ./src/HAL/LED/LED_prog.o
 .debug_loc     0x0000293c       0x4a ./src/HAL/Joystick/Joystick_prog.o
 .debug_loc     0x00002986      0x10a ./src/main.o

.debug_macinfo
 *(.debug_macinfo)

.debug_weaknames
 *(.debug_weaknames)

.debug_funcnames
 *(.debug_funcnames)

.debug_typenames
 *(.debug_typenames)

.debug_varnames
 *(.debug_varnames)
OUTPUT(Driving_Subsystem.elf elf32-littlearm)

.debug_ranges   0x00000000      0x518
 .debug_ranges  0x00000000       0x18 ./system/src/newlib/_exit.o
 .debug_ranges  0x00000018       0x10 ./system/src/newlib/_sbrk.o
 .debug_ranges  0x00000028       0x90 ./system/src/newlib/_startup.o
 .debug_ranges  0x000000b8       0x20 ./system/src/newlib/_syscalls.o
 .debug_ranges  0x000000d8       0x28 ./system/src/diag/Trace.o
 .debug_ranges  0x00000100       0x50 ./system/src/diag/trace_impl.o
 .debug_ranges  0x00000150       0x18 ./system/src/cortexm/_initialize_hardware.o
 .debug_ranges  0x00000168       0x80 ./system/src/cortexm/exception_handlers.o
 .debug_ranges  0x000001e8       0x18 ./system/src/cmsis/system_stm32f4xx.o
 .debug_ranges  0x00000200       0x10 ./system/src/cmsis/vectors_stm32f401xc.o
 .debug_ranges  0x00000210       0x48 ./src/MCAL/SYSTIC/SYSTIC_prog.o
 .debug_ranges  0x00000258       0x20 ./src/MCAL/SPI/SPI_prog.o
 .debug_ranges  0x00000278       0x20 ./src/MCAL/RCC/RCC_prog.o
 .debug_ranges  0x00000298       0x40 ./src/MCAL/NVIC/NVIC_prog.o
 .debug_ranges  0x000002d8       0x50 ./src/MCAL/GPIO/GPIO_prog.o
 .debug_ranges  0x00000328       0x78 ./src/MCAL/EXTI/EXTI_prog.o
 .debug_ranges  0x000003a0       0x40 ./src/MCAL/ADC/ADC_prog.o
 .debug_ranges  0x000003e0       0x68 ./src/HAL/TFT/TFT_prog.o
 .debug_ranges  0x00000448       0x60 ./src/HAL/NRF24L01/NRF_prog.o
 .debug_ranges  0x000004a8       0x28 ./src/HAL/LED/LED_prog.o
 .debug_ranges  0x000004d0       0x20 ./src/HAL/Joystick/Joystick_prog.o
 .debug_ranges  0x000004f0       0x18 ./src/_initialize_hardware.o
 .debug_ranges  0x00000508       0x10 ./src/main.o

.debug_macro    0x00000000     0x4be7
 .debug_macro   0x00000000      0x1b4 ./system/src/newlib/_exit.o
 .debug_macro   0x000001b4      0x10e ./system/src/newlib/_exit.o
 .debug_macro   0x000002c2       0x8d ./system/src/newlib/_exit.o
 .debug_macro   0x0000034f       0x35 ./system/src/newlib/_exit.o
 .debug_macro   0x00000384      0x169 ./system/src/newlib/_sbrk.o
 .debug_macro   0x000004ed      0x174 ./system/src/newlib/_sbrk.o
 .debug_macro   0x00000661       0x10 ./system/src/newlib/_sbrk.o
 .debug_macro   0x00000671      0x23b ./system/src/newlib/_sbrk.o
 .debug_macro   0x000008ac      0x173 ./system/src/newlib/_startup.o
 .debug_macro   0x00000a1f      0xa72 ./system/src/newlib/_startup.o
 .debug_macro   0x00001491      0x217 ./system/src/newlib/_syscalls.o
 .debug_macro   0x000016a8       0x1c ./system/src/newlib/_syscalls.o
 .debug_macro   0x000016c4       0x10 ./system/src/newlib/_syscalls.o
 .debug_macro   0x000016d4       0x10 ./system/src/newlib/_syscalls.o
 .debug_macro   0x000016e4       0x10 ./system/src/newlib/_syscalls.o
 .debug_macro   0x000016f4       0x35 ./system/src/newlib/_syscalls.o
 .debug_macro   0x00001729      0x122 ./system/src/newlib/_syscalls.o
 .debug_macro   0x0000184b       0x88 ./system/src/newlib/_syscalls.o
 .debug_macro   0x000018d3       0x2b ./system/src/newlib/_syscalls.o
 .debug_macro   0x000018fe      0x118 ./system/src/newlib/_syscalls.o
 .debug_macro   0x00001a16      0x189 ./system/src/newlib/_syscalls.o
 .debug_macro   0x00001b9f       0x16 ./system/src/newlib/_syscalls.o
 .debug_macro   0x00001bb5      0x1fb ./system/src/diag/Trace.o
 .debug_macro   0x00001db0       0x4c ./system/src/diag/Trace.o
 .debug_macro   0x00001dfc       0x16 ./system/src/diag/Trace.o
 .debug_macro   0x00001e12      0x52a ./system/src/diag/trace_impl.o
 .debug_macro   0x0000233c       0x22 ./system/src/diag/trace_impl.o
 .debug_macro   0x0000235e      0x4ee ./system/src/cortexm/_initialize_hardware.o
 .debug_macro   0x0000284c      0x557 ./system/src/cortexm/exception_handlers.o
 .debug_macro   0x00002da3       0x3b ./system/src/cortexm/exception_handlers.o
 .debug_macro   0x00002dde      0x4ea ./system/src/cmsis/system_stm32f4xx.o
 .debug_macro   0x000032c8       0x34 ./system/src/cmsis/vectors_stm32f401xc.o
 .debug_macro   0x000032fc       0x49 ./src/MCAL/SYSTIC/SYSTIC_prog.o
 .debug_macro   0x00003345       0x3a ./src/MCAL/SYSTIC/SYSTIC_prog.o
 .debug_macro   0x0000337f       0x16 ./src/MCAL/SYSTIC/SYSTIC_prog.o
 .debug_macro   0x00003395       0x4c ./src/MCAL/SYSTIC/SYSTIC_prog.o
 .debug_macro   0x000033e1       0x16 ./src/MCAL/SYSTIC/SYSTIC_prog.o
 .debug_macro   0x000033f7       0x5a ./src/MCAL/SPI/SPI_prog.o
 .debug_macro   0x00003451       0xf4 ./src/MCAL/SPI/SPI_prog.o
 .debug_macro   0x00003545       0xac ./src/MCAL/SPI/SPI_prog.o
 .debug_macro   0x000035f1       0x2e ./src/MCAL/SPI/SPI_prog.o
 .debug_macro   0x0000361f       0x1c ./src/MCAL/SPI/SPI_prog.o
 .debug_macro   0x0000363b       0x55 ./src/MCAL/RCC/RCC_prog.o
 .debug_macro   0x00003690       0x16 ./src/MCAL/RCC/RCC_prog.o
 .debug_macro   0x000036a6       0x52 ./src/MCAL/RCC/RCC_prog.o
 .debug_macro   0x000036f8       0xd6 ./src/MCAL/RCC/RCC_prog.o
 .debug_macro   0x000037ce       0x3f ./src/MCAL/NVIC/NVIC_prog.o
 .debug_macro   0x0000380d      0x2a0 ./src/MCAL/NVIC/NVIC_prog.o
 .debug_macro   0x00003aad       0x16 ./src/MCAL/NVIC/NVIC_prog.o
 .debug_macro   0x00003ac3       0x22 ./src/MCAL/NVIC/NVIC_prog.o
 .debug_macro   0x00003ae5       0x3f ./src/MCAL/GPIO/GPIO_conf.o
 .debug_macro   0x00003b24       0x2e ./src/MCAL/GPIO/GPIO_conf.o
 .debug_macro   0x00003b52       0x1c ./src/MCAL/GPIO/GPIO_conf.o
 .debug_macro   0x00003b6e       0x48 ./src/MCAL/GPIO/GPIO_prog.o
 .debug_macro   0x00003bb6       0x64 ./src/MCAL/EXTI/EXTI_prog.o
 .debug_macro   0x00003c1a       0x7c ./src/MCAL/EXTI/EXTI_prog.o
 .debug_macro   0x00003c96       0x10 ./src/MCAL/EXTI/EXTI_prog.o
 .debug_macro   0x00003ca6       0x22 ./src/MCAL/EXTI/EXTI_prog.o
 .debug_macro   0x00003cc8       0x63 ./src/MCAL/ADC/ADC_prog.o
 .debug_macro   0x00003d2b      0x1a0 ./src/MCAL/ADC/ADC_prog.o
 .debug_macro   0x00003ecb       0x16 ./src/MCAL/ADC/ADC_prog.o
 .debug_macro   0x00003ee1       0x22 ./src/MCAL/ADC/ADC_prog.o
 .debug_macro   0x00003f03       0x76 ./src/MCAL/ADC/ADC_prog.o
 .debug_macro   0x00003f79       0x37 ./src/HAL/TFT/TFT_conf.o
 .debug_macro   0x00003fb0      0x120 ./src/HAL/TFT/TFT_prog.o
 .debug_macro   0x000040d0       0x3a ./src/HAL/TFT/TFT_prog.o
 .debug_macro   0x0000410a       0x40 ./src/HAL/TFT/TFT_prog.o
 .debug_macro   0x0000414a      0x1e1 ./src/HAL/TFT/TFT_prog.o
 .debug_macro   0x0000432b       0x49 ./src/HAL/NRF24L01/NRF_conf.o
 .debug_macro   0x00004374       0x10 ./src/HAL/NRF24L01/NRF_conf.o
 .debug_macro   0x00004384       0xee ./src/HAL/NRF24L01/NRF_conf.o
 .debug_macro   0x00004472       0x5c ./src/HAL/NRF24L01/NRF_prog.o
 .debug_macro   0x000044ce       0x40 ./src/HAL/LED/LED_prog.o
 .debug_macro   0x0000450e       0x40 ./src/HAL/LED/LED_prog.o
 .debug_macro   0x0000454e       0x6a ./src/HAL/LED/LED_prog.o
 .debug_macro   0x000045b8       0x5c ./src/HAL/Joystick/Joystick_conf.o
 .debug_macro   0x00004614       0x10 ./src/HAL/Joystick/Joystick_conf.o
 .debug_macro   0x00004624       0x66 ./src/HAL/Joystick/Joystick_prog.o
 .debug_macro   0x0000468a      0x4e4 ./src/_initialize_hardware.o
 .debug_macro   0x00004b6e       0x79 ./src/main.o
