Archive member included to satisfy reference by file (symbol)

c:/users/maka/documents/02- tools/imt_sdk_win_64/winarm/armgcc/bin/../lib/gcc/arm-none-eabi/7.2.1/thumb/v7e-m\libgcc.a(_arm_addsubdf3.o)
                              ./src/main.o (__aeabi_i2d)
c:/users/maka/documents/02- tools/imt_sdk_win_64/winarm/armgcc/bin/../lib/gcc/arm-none-eabi/7.2.1/thumb/v7e-m\libgcc.a(_arm_muldivdf3.o)
                              ./src/HAL/Ultrasonic/Ultrasonic_prog.o (__aeabi_dmul)
c:/users/maka/documents/02- tools/imt_sdk_win_64/winarm/armgcc/bin/../lib/gcc/arm-none-eabi/7.2.1/thumb/v7e-m\libgcc.a(_arm_cmpdf2.o)
                              ./src/main.o (__aeabi_dcmple)
c:/users/maka/documents/02- tools/imt_sdk_win_64/winarm/armgcc/bin/../lib/gcc/arm-none-eabi/7.2.1/thumb/v7e-m\libgcc.a(_arm_truncdfsf2.o)
                              ./src/HAL/Ultrasonic/Ultrasonic_prog.o (__aeabi_d2f)
c:/users/maka/documents/02- tools/imt_sdk_win_64/winarm/armgcc/bin/../lib/gcc/arm-none-eabi/7.2.1/thumb/v7e-m\libgcc.a(_arm_addsubsf3.o)
                              ./src/HAL/Ultrasonic/Ultrasonic_prog.o (__aeabi_fadd)
c:/users/maka/documents/02- tools/imt_sdk_win_64/winarm/armgcc/bin/../lib/gcc/arm-none-eabi/7.2.1/thumb/v7e-m\libgcc.a(_arm_muldivsf3.o)
                              ./src/MCAL/SYSTIC/SYSTIC_prog.o (__aeabi_fmul)
c:/users/maka/documents/02- tools/imt_sdk_win_64/winarm/armgcc/bin/../lib/gcc/arm-none-eabi/7.2.1/thumb/v7e-m\libgcc.a(_arm_fixunssfsi.o)
                              ./src/MCAL/SYSTIC/SYSTIC_prog.o (__aeabi_f2uiz)
c:/users/maka/documents/02- tools/imt_sdk_win_64/winarm/armgcc/bin/../lib/gcc/arm-none-eabi/7.2.1/thumb/v7e-m\libgcc.a(_aeabi_uldivmod.o)
                              ./src/MCAL/UART/UART_program.o (__aeabi_uldivmod)
c:/users/maka/documents/02- tools/imt_sdk_win_64/winarm/armgcc/bin/../lib/gcc/arm-none-eabi/7.2.1/thumb/v7e-m\libgcc.a(_udivmoddi4.o)
                              c:/users/maka/documents/02- tools/imt_sdk_win_64/winarm/armgcc/bin/../lib/gcc/arm-none-eabi/7.2.1/thumb/v7e-m\libgcc.a(_aeabi_uldivmod.o) (__udivmoddi4)
c:/users/maka/documents/02- tools/imt_sdk_win_64/winarm/armgcc/bin/../lib/gcc/arm-none-eabi/7.2.1/thumb/v7e-m\libgcc.a(_dvmd_tls.o)
                              c:/users/maka/documents/02- tools/imt_sdk_win_64/winarm/armgcc/bin/../lib/gcc/arm-none-eabi/7.2.1/thumb/v7e-m\libgcc.a(_aeabi_uldivmod.o) (__aeabi_ldiv0)
c:/users/maka/documents/02- tools/imt_sdk_win_64/winarm/armgcc/bin/../lib/gcc/arm-none-eabi/7.2.1/../../../../arm-none-eabi/lib/thumb/v7e-m\libg_nano.a(lib_a-errno.o)
                              ./system/src/newlib/_sbrk.o (__errno)
c:/users/maka/documents/02- tools/imt_sdk_win_64/winarm/armgcc/bin/../lib/gcc/arm-none-eabi/7.2.1/../../../../arm-none-eabi/lib/thumb/v7e-m\libg_nano.a(lib_a-impure.o)
                              c:/users/maka/documents/02- tools/imt_sdk_win_64/winarm/armgcc/bin/../lib/gcc/arm-none-eabi/7.2.1/../../../../arm-none-eabi/lib/thumb/v7e-m\libg_nano.a(lib_a-errno.o) (_impure_ptr)
c:/users/maka/documents/02- tools/imt_sdk_win_64/winarm/armgcc/bin/../lib/gcc/arm-none-eabi/7.2.1/../../../../arm-none-eabi/lib/thumb/v7e-m\libg_nano.a(lib_a-strlen.o)
                              ./system/src/diag/Trace.o (strlen)
c:/users/maka/documents/02- tools/imt_sdk_win_64/winarm/armgcc/bin/../lib/gcc/arm-none-eabi/7.2.1/../../../../arm-none-eabi/lib/thumb/v7e-m\libg_nano.a(lib_a-vsnprintf.o)
                              ./system/src/diag/Trace.o (vsnprintf)
c:/users/maka/documents/02- tools/imt_sdk_win_64/winarm/armgcc/bin/../lib/gcc/arm-none-eabi/7.2.1/../../../../arm-none-eabi/lib/thumb/v7e-m\libg_nano.a(lib_a-nano-svfprintf.o)
                              c:/users/maka/documents/02- tools/imt_sdk_win_64/winarm/armgcc/bin/../lib/gcc/arm-none-eabi/7.2.1/../../../../arm-none-eabi/lib/thumb/v7e-m\libg_nano.a(lib_a-vsnprintf.o) (_svfprintf_r)
c:/users/maka/documents/02- tools/imt_sdk_win_64/winarm/armgcc/bin/../lib/gcc/arm-none-eabi/7.2.1/../../../../arm-none-eabi/lib/thumb/v7e-m\libg_nano.a(lib_a-nano-vfprintf_i.o)
                              c:/users/maka/documents/02- tools/imt_sdk_win_64/winarm/armgcc/bin/../lib/gcc/arm-none-eabi/7.2.1/../../../../arm-none-eabi/lib/thumb/v7e-m\libg_nano.a(lib_a-nano-svfprintf.o) (_printf_i)
c:/users/maka/documents/02- tools/imt_sdk_win_64/winarm/armgcc/bin/../lib/gcc/arm-none-eabi/7.2.1/../../../../arm-none-eabi/lib/thumb/v7e-m\libg_nano.a(lib_a-memchr.o)
                              c:/users/maka/documents/02- tools/imt_sdk_win_64/winarm/armgcc/bin/../lib/gcc/arm-none-eabi/7.2.1/../../../../arm-none-eabi/lib/thumb/v7e-m\libg_nano.a(lib_a-nano-svfprintf.o) (memchr)
c:/users/maka/documents/02- tools/imt_sdk_win_64/winarm/armgcc/bin/../lib/gcc/arm-none-eabi/7.2.1/../../../../arm-none-eabi/lib/thumb/v7e-m\libg_nano.a(lib_a-memcpy-stub.o)
[...]
Memory Configuration

Name             Origin             Length             Attributes
RAM              0x20000000         0x00010000         xrw
CCMRAM           0x10000000         0x00000000         xrw
FLASH            0x08000000         0x00040000         xr
FLASHB1          0x00000000         0x00000000         xr
EXTMEMB0         0x00000000         0x00000000         xr
EXTMEMB1         0x00000000         0x00000000         xr
EXTMEMB2         0x00000000         0x00000000         xr
EXTMEMB3         0x00000000         0x00000000         xr
*default*        0x00000000         0xffffffff

Linker script and memory map

LOAD ./system/src/stm32f4-hal/stm32f4xx_hal.o
LOAD ./system/src/stm32f4-hal/stm32f4xx_hal_cortex.o
LOAD ./system/src/stm32f4-hal/stm32f4xx_hal_dfsdm.o
LOAD ./system/src/stm32f4-hal/stm32f4xx_hal_flash.o
LOAD ./system/src/stm32f4-hal/stm32f4xx_hal_gpio.o
LOAD ./system/src/stm32f4-hal/stm32f4xx_hal_iwdg.o
LOAD ./system/src/stm32f4-hal/stm32f4xx_hal_pwr.o
LOAD ./system/src/stm32f4-hal/stm32f4xx_hal_rcc.o
LOAD ./system/src/newlib/_cxx.o
LOAD ./system/src/newlib/_exit.o
LOAD ./system/src/newlib/_sbrk.o
LOAD ./system/src/newlib/_startup.o
LOAD ./system/src/newlib/_syscalls.o
LOAD ./system/src/newlib/assert.o
LOAD ./system/src/diag/Trace.o
LOAD ./system/src/diag/trace_impl.o
LOAD ./system/src/cortexm/_initialize_hardware.o
LOAD ./system/src/cortexm/_reset_hardware.o
LOAD ./system/src/cortexm/exception_handlers.o
LOAD ./system/src/cmsis/system_stm32f4xx.o
LOAD ./system/src/cmsis/vectors_stm32f401xc.o
LOAD ./src/MCAL/UART/UART_conf.o
LOAD ./src/MCAL/UART/UART_program.o
LOAD ./src/MCAL/Timer/Timer_prog.o
LOAD ./src/MCAL/SYSTIC/SYSTIC_prog.o
LOAD ./src/MCAL/STK/STK_prg.o
LOAD ./src/MCAL/SPI/SPI_conf.o
LOAD ./src/MCAL/SPI/SPI_prog.o
LOAD ./src/MCAL/RCC/RCC_prog.o
LOAD ./src/MCAL/NVIC/NVIC_prog.o
LOAD ./src/MCAL/GPIO/GPIO_conf.o
LOAD ./src/MCAL/GPIO/GPIO_prog.o
LOAD ./src/HAL/Ultrasonic/Ultrasonic_conf.o
LOAD ./src/HAL/Ultrasonic/Ultrasonic_prog.o
LOAD ./src/HAL/TFT/TFT_conf.o
LOAD ./src/HAL/TFT/TFT_prog.o
LOAD ./src/HAL/PWM_DCmotor/PWM_DCmotor_conf.o
LOAD ./src/HAL/PWM_DCmotor/PWM_DCmotor_prog.o
LOAD ./src/HAL/LED/LED_prog.o
LOAD ./src/_initialize_hardware.o
LOAD ./src/main.o
LOAD ./src/stm32f4xx_hal_msp.o
LOAD c:/users/maka/documents/02- tools/imt_sdk_win_64/winarm/armgcc/bin/../lib/gcc/arm-none-eabi/7.2.1/../../../../arm-none-eabi/lib/thumb/v7e-m\libstdc++_nano.a
LOAD c:/users/maka/documents/02- tools/imt_sdk_win_64/winarm/armgcc/bin/../lib/gcc/arm-none-eabi/7.2.1/../../../../arm-none-eabi/lib/thumb/v7e-m\libm.a
START GROUP
LOAD c:/users/maka/documents/02- tools/imt_sdk_win_64/winarm/armgcc/bin/../lib/gcc/arm-none-eabi/7.2.1/thumb/v7e-m\libgcc.a
LOAD c:/users/maka/documents/02- tools/imt_sdk_win_64/winarm/armgcc/bin/../lib/gcc/arm-none-eabi/7.2.1/../../../../arm-none-eabi/lib/thumb/v7e-m\libg_nano.a
LOAD c:/users/maka/documents/02- tools/imt_sdk_win_64/winarm/armgcc/bin/../lib/gcc/arm-none-eabi/7.2.1/../../../../arm-none-eabi/lib/thumb/v7e-m\libc_nano.a
END GROUP
START GROUP
LOAD c:/users/maka/documents/02- tools/imt_sdk_win_64/winarm/armgcc/bin/../lib/gcc/arm-none-eabi/7.2.1/thumb/v7e-m\libgcc.a
LOAD c:/users/maka/documents/02- tools/imt_sdk_win_64/winarm/armgcc/bin/../lib/gcc/arm-none-eabi/7.2.1/../../../../arm-none-eabi/lib/thumb/v7e-m\libc_nano.a
END GROUP
                0x20010000                __stack = (ORIGIN (RAM) + LENGTH (RAM))
                0x20010000                _estack = __stack
                0x00000400                __Main_Stack_Size = 0x400
                [!provide]                PROVIDE (_Main_Stack_Size, __Main_Stack_Size)
                0x2000fc00                __Main_Stack_Limit = (__stack - __Main_Stack_Size)
                [!provide]                PROVIDE (_Main_Stack_Limit, __Main_Stack_Limit)
                0x00000100                _Minimum_Stack_Size = 0x100
                0x20000238                PROVIDE (_Heap_Begin, _end_noinit)
                0x2000fc00                PROVIDE (_Heap_Limit, (__stack - __Main_Stack_Size))

.isr_vector     0x08000000      0x3f4
 FILL mask 0xff
                0x08000000                __vectors_start = ABSOLUTE (.)
                0x08000000                __vectors_start__ = ABSOLUTE (.)
 *(.isr_vector)
 .isr_vector    0x08000000      0x194 ./system/src/cmsis/vectors_stm32f401xc.o
                0x08000000                __isr_vectors
 *(.cfmconfig)
 *(.after_vectors .after_vectors.*)
 .after_vectors
                0x08000194      0x130 ./system/src/newlib/_startup.o
                0x08000194                _start
 .after_vectors
                0x080002c4      0x12c ./system/src/cortexm/exception_handlers.o
                0x080002c4                Reset_Handler
                0x080002ca                NMI_Handler
                0x080002ce                HardFault_Handler
                0x080002e2                HardFault_Handler_C
                0x08000340                MemManage_Handler
                0x08000344                BusFault_Handler
                0x08000358                BusFault_Handler_C
                0x0800038c                UsageFault_Handler
                0x080003a0                UsageFault_Handler_C
                0x080003d4                SVC_Handler
                0x080003d8                DebugMon_Handler
                0x080003dc                PendSV_Handler
 .after_vectors
                0x080003f0        0x4 ./system/src/cmsis/vectors_stm32f401xc.o
                0x080003f0                RTC_Alarm_IRQHandler
                0x080003f0                EXTI2_IRQHandler
                0x080003f0                SPI4_IRQHandler
                0x080003f0                TIM1_CC_IRQHandler
                0x080003f0                DMA2_Stream5_IRQHandler
                0x080003f0                DMA1_Stream5_IRQHandler
                0x080003f0                PVD_IRQHandler
                0x080003f0                SDIO_IRQHandler
                0x080003f0                TAMP_STAMP_IRQHandler
                0x080003f0                EXTI3_IRQHandler
                0x080003f0                TIM1_UP_TIM10_IRQHandler
                0x080003f0                I2C3_ER_IRQHandler
                0x080003f0                EXTI0_IRQHandler
                0x080003f0                I2C2_EV_IRQHandler
                0x080003f0                DMA1_Stream2_IRQHandler
                0x080003f0                FPU_IRQHandler
                0x080003f0                DMA2_Stream2_IRQHandler
                0x080003f0                SPI1_IRQHandler
                0x080003f0                TIM1_BRK_TIM9_IRQHandler
                0x080003f0                DMA2_Stream3_IRQHandler
                0x080003f0                DMA2_Stream0_IRQHandler
                0x080003f0                TIM4_IRQHandler
                0x080003f0                I2C1_EV_IRQHandler
                0x080003f0                DMA1_Stream6_IRQHandler
                0x080003f0                DMA1_Stream1_IRQHandler
                0x080003f0                TIM3_IRQHandler
                0x080003f0                RCC_IRQHandler
                0x080003f0                Default_Handler
                0x080003f0                EXTI15_10_IRQHandler
                0x080003f0                ADC_IRQHandler
                0x080003f0                DMA1_Stream7_IRQHandler
                0x080003f0                TIM5_IRQHandler
                0x080003f0                DMA2_Stream7_IRQHandler
                0x080003f0                I2C3_EV_IRQHandler
                0x080003f0                EXTI9_5_IRQHandler
                0x080003f0                RTC_WKUP_IRQHandler
                0x080003f0                SPI2_IRQHandler
                0x080003f0                DMA1_Stream0_IRQHandler
                0x080003f0                EXTI4_IRQHandler
                0x080003f0                WWDG_IRQHandler
                0x080003f0                TIM2_IRQHandler
                0x080003f0                OTG_FS_WKUP_IRQHandler
                0x080003f0                TIM1_TRG_COM_TIM11_IRQHandler
                0x080003f0                EXTI1_IRQHandler
                0x080003f0                I2C2_ER_IRQHandler
                0x080003f0                DMA2_Stream1_IRQHandler
                0x080003f0                FLASH_IRQHandler
                0x080003f0                DMA2_Stream4_IRQHandler
                0x080003f0                OTG_FS_IRQHandler
                0x080003f0                SPI3_IRQHandler
                0x080003f0                DMA1_Stream4_IRQHandler
                0x080003f0                I2C1_ER_IRQHandler
                0x080003f0                DMA2_Stream6_IRQHandler
                0x080003f0                DMA1_Stream3_IRQHandler

.inits          0x080003f4       0x28
                0x080003f4                __data_regions_array_start = .
                0x080003f4        0x4 LONG 0x800e5dc LOADADDR (.data)
                0x080003f8        0x4 LONG 0x20000000 ADDR (.data)
                0x080003fc        0x4 LONG 0x200000a4 (ADDR (.data) + SIZEOF (.data))
                0x08000400        0x4 LONG 0x800e5dc LOADADDR (.data_CCMRAM)
                0x08000404        0x4 LONG 0x10000000 ADDR (.data_CCMRAM)
                0x08000408        0x4 LONG 0x10000000 (ADDR (.data_CCMRAM) + SIZEOF (.data_CCMRAM))
                0x0800040c                __data_regions_array_end = .
                0x0800040c                __bss_regions_array_start = .
                0x0800040c        0x4 LONG 0x200000a4 ADDR (.bss)
                0x08000410        0x4 LONG 0x20000238 (ADDR (.bss) + SIZEOF (.bss))
                0x08000414        0x4 LONG 0x10000000 ADDR (.bss_CCMRAM)
                0x08000418        0x4 LONG 0x10000000 (ADDR (.bss_CCMRAM) + SIZEOF (.bss_CCMRAM))
                0x0800041c                __bss_regions_array_end = .
 *(.init)
 *(.fini)
                0x0800041c                . = ALIGN (0x4)
                0x0800041c                PROVIDE (__preinit_array_start, .)
 *(.preinit_array_sysinit .preinit_array_sysinit.*)
 *(.preinit_array_platform .preinit_array_platform.*)
 *(.preinit_array .preinit_array.*)
                0x0800041c                PROVIDE (__preinit_array_end, .)
                0x0800041c                . = ALIGN (0x4)
                0x0800041c                PROVIDE (__init_array_start, .)
 *(SORT_BY_NAME(.init_array.*))
 *(.init_array)
                0x0800041c                PROVIDE (__init_array_end, .)
                0x0800041c                . = ALIGN (0x4)
                0x0800041c                PROVIDE (__fini_array_start, .)
 *(SORT_BY_NAME(.fini_array.*))
 *(.fini_array)
                0x0800041c                PROVIDE (__fini_array_end, .)

.flashtext
 *(.flashtext .flashtext.*)

.text           0x08000420     0xe1b3
 *(.text .text.*)
 .text._exit    0x08000420        0x2 ./system/src/newlib/_exit.o
                0x08000420                _exit
 *fill*         0x08000422        0x2 
 .text._sbrk    0x08000424       0x44 ./system/src/newlib/_sbrk.o
                0x08000424                _sbrk
 .text.__initialize_args
                0x08000468       0x10 ./system/src/newlib/_syscalls.o
                0x08000468                __initialize_args
 .text.trace_printf
                0x08000478       0x30 ./system/src/diag/Trace.o
                0x08000478                trace_printf
 .text._trace_write_semihosting_debug
                0x080004a8       0x60 ./system/src/diag/trace_impl.o
 .text.trace_write
                0x08000508        0x8 ./system/src/diag/trace_impl.o
                0x08000508                trace_write
 .text.__initialize_hardware_early
                0x08000510       0x18 ./system/src/cortexm/_initialize_hardware.o
                0x08000510                __initialize_hardware_early
 .text.dumpExceptionStack
                0x08000528       0xf4 ./system/src/cortexm/exception_handlers.o
                0x08000528                dumpExceptionStack
 .text.isSemihosting
                0x0800061c       0x20 ./system/src/cortexm/exception_handlers.o
                0x0800061c                isSemihosting
 .text.SystemInit
                0x0800063c       0x40 ./system/src/cmsis/system_stm32f4xx.o
                0x0800063c                SystemInit
 *fill*         0x0800067c        0x4 
 .text.MUART_voidInit
                0x08000680      0x1fc ./src/MCAL/UART/UART_program.o
                0x08000680                MUART_voidInit
 .text.MUART_voidEnable
                0x0800087c        0xa ./src/MCAL/UART/UART_program.o
                0x0800087c                MUART_voidEnable
 .text.MUART_voidTransmitByte
                0x08000886       0x1c ./src/MCAL/UART/UART_program.o
                0x08000886                MUART_voidTransmitByte
 .text.MUART_RxIntSetStatus
                0x080008a2       0x1a ./src/MCAL/UART/UART_program.o
                0x080008a2                MUART_RxIntSetStatus
 .text.MUART_u8ReadDataRegister
                0x080008bc        0x6 ./src/MCAL/UART/UART_program.o
                0x080008bc                MUART_u8ReadDataRegister
 *fill*         0x080008c2        0x2 
 .text.MUART1_voidSetCallBack
                0x080008c4        0xc ./src/MCAL/UART/UART_program.o
                0x080008c4                MUART1_voidSetCallBack
 .text.MUART6_voidSetCallBack
                0x080008d0        0xc ./src/MCAL/UART/UART_program.o
                0x080008d0                MUART6_voidSetCallBack
 .text.USART1_IRQHandler
                0x080008dc       0x1c ./src/MCAL/UART/UART_program.o
                0x080008dc                USART1_IRQHandler
 .text.USART2_IRQHandler
                0x080008f8       0x1c ./src/MCAL/UART/UART_program.o
                0x080008f8                USART2_IRQHandler
 .text.USART6_IRQHandler
                0x08000914       0x1c ./src/MCAL/UART/UART_program.o
                0x08000914                USART6_IRQHandler
 .text.MTimer_voidInit
                0x08000930      0x380 ./src/MCAL/Timer/Timer_prog.o
                0x08000930                MTimer_voidInit
 .text.MTimer_voidPWM
                0x08000cb0      0x634 ./src/MCAL/Timer/Timer_prog.o
                0x08000cb0                MTimer_voidPWM
 .text.MSTK_voidInit
                0x080012e4       0x18 ./src/MCAL/SYSTIC/SYSTIC_prog.o
                0x080012e4                MSTK_voidInit
 .text.MSTK_voidSetBusyWait
                0x080012fc       0xa4 ./src/MCAL/SYSTIC/SYSTIC_prog.o
                0x080012fc                MSTK_voidSetBusyWait
 .text.SysTick_Handler
                0x080013a0       0x74 ./src/MCAL/SYSTIC/SYSTIC_prog.o
                0x080013a0                SysTick_Handler
 .text.MSPI_voidInit
                0x08001414      0x200 ./src/MCAL/SPI/SPI_prog.o
                0x08001414                MSPI_voidInit
 .text.MSPI_voidTransmite
                0x08001614       0x58 ./src/MCAL/SPI/SPI_prog.o
                0x08001614                MSPI_voidTransmite
 .text.MRCC_voidInit
                0x0800166c       0x90 ./src/MCAL/RCC/RCC_prog.o
                0x0800166c                MRCC_voidInit
 .text.MRCC_voidEnablePerephiralClock
                0x080016fc       0x58 ./src/MCAL/RCC/RCC_prog.o
                0x080016fc                MRCC_voidEnablePerephiralClock
 .text.MNVIC_voidEnablePeripheral
                0x08001754       0x18 ./src/MCAL/NVIC/NVIC_prog.o
                0x08001754                MNVIC_voidEnablePeripheral
 .text.MGPIO_voidSetPinMode
                0x0800176c       0x88 ./src/MCAL/GPIO/GPIO_prog.o
                0x0800176c                MGPIO_voidSetPinMode
 .text.MGPIO_voidSetPinOutputType
                0x080017f4       0xb4 ./src/MCAL/GPIO/GPIO_prog.o
                0x080017f4                MGPIO_voidSetPinOutputType
 .text.MGPIO_voidSetPinOutputSpeed
                0x080018a8       0x88 ./src/MCAL/GPIO/GPIO_prog.o
                0x080018a8                MGPIO_voidSetPinOutputSpeed
 .text.MGPIO_voidSetPinInputPull
                0x08001930       0x88 ./src/MCAL/GPIO/GPIO_prog.o
                0x08001930                MGPIO_voidSetPinInputPull
 .text.MGPIO_voidSetPinValue
                0x080019b8       0xb4 ./src/MCAL/GPIO/GPIO_prog.o
                0x080019b8                MGPIO_voidSetPinValue
 .text.MGPIO_voidSetAltFun
                0x08001a6c       0xec ./src/MCAL/GPIO/GPIO_prog.o
                0x08001a6c                MGPIO_voidSetAltFun
 .text.MGPIO_voidInit
                0x08001b58       0x60 ./src/MCAL/GPIO/GPIO_prog.o
                0x08001b58                MGPIO_voidInit
 .text.HTFT_voidReset
                0x08001bb8       0x64 ./src/HAL/TFT/TFT_prog.o
 .text.HTFT_voidWriteData
                0x08001c1c       0x20 ./src/HAL/TFT/TFT_prog.o
 .text.HTFT_voidWriteCmd
                0x08001c3c       0x20 ./src/HAL/TFT/TFT_prog.o
 .text.HTFT_voidInit
                0x08001c5c       0x60 ./src/HAL/TFT/TFT_prog.o
                0x08001c5c                HTFT_voidInit
 .text.HTFT_voidDisplayImage
                0x08001cbc       0x84 ./src/HAL/TFT/TFT_prog.o
                0x08001cbc                HTFT_voidDisplayImage
 .text.HTFT_voidDisplayChar
                0x08001d40       0xec ./src/HAL/TFT/TFT_prog.o
                0x08001d40                HTFT_voidDisplayChar
 .text.HTFT_voidDisplayString
                0x08001e2c       0x38 ./src/HAL/TFT/TFT_prog.o
                0x08001e2c                HTFT_voidDisplayString
 .text.HDC_init
                0x08001e64       0x1e ./src/HAL/PWM_DCmotor/PWM_DCmotor_prog.o
                0x08001e64                HDC_init
 .text.HDC_CounterClockWise
                0x08001e82       0x26 ./src/HAL/PWM_DCmotor/PWM_DCmotor_prog.o
                0x08001e82                HDC_CounterClockWise
 .text.HDC_ClockWise
                0x08001ea8       0x26 ./src/HAL/PWM_DCmotor/PWM_DCmotor_prog.o
                0x08001ea8                HDC_ClockWise
 .text.HDC_Stop
                0x08001ece       0x26 ./src/HAL/PWM_DCmotor/PWM_DCmotor_prog.o
                0x08001ece                HDC_Stop
 .text.HLED_voidLedInitial
                0x08001ef4       0x78 ./src/HAL/LED/LED_prog.o
                0x08001ef4                HLED_voidLedInitial
 .text.HLED_voidLedOn
                0x08001f6c       0x74 ./src/HAL/LED/LED_prog.o
                0x08001f6c                HLED_voidLedOn
 .text.HLED_voidLedOff
                0x08001fe0       0x74 ./src/HAL/LED/LED_prog.o
                0x08001fe0                HLED_voidLedOff
 .text.__initialize_hardware
                0x08002054        0x2 ./src/_initialize_hardware.o
                0x08002054                __initialize_hardware
 *fill*         0x08002056        0x2 
 .text.RpiData  0x08002058       0x18 ./src/main.o
                0x08002058                RpiData
 .text.BluetoothData
                0x08002070       0x18 ./src/main.o
                0x08002070                BluetoothData
 .text.APP_voidGoTasks
                0x08002088       0xd4 ./src/main.o
                0x08002088                APP_voidGoTasks
 .text.APP_voidBackTasks
                0x0800215c       0x80 ./src/main.o
                0x0800215c                APP_voidBackTasks
 .text.APP_voidBackward_RightTasks
                0x080021dc       0x80 ./src/main.o
                0x080021dc                APP_voidBackward_RightTasks
 .text.APP_voidBackward_LEFTTasks
                0x0800225c       0x80 ./src/main.o
                0x0800225c                APP_voidBackward_LEFTTasks
 .text.APP_voidRight_LeftTasks
                0x080022dc       0x1c ./src/main.o
                0x080022dc                APP_voidRight_LeftTasks
 .text.APP_voidForward_RightTasks
                0x080022f8       0x84 ./src/main.o
                0x080022f8                APP_voidForward_RightTasks
 .text.APP_voidForward_LeftTasks
                0x0800237c       0x84 ./src/main.o
                0x0800237c                APP_voidForward_LeftTasks
 .text.ProcessingFun
                0x08002400      0x208 ./src/main.o
                0x08002400                ProcessingFun
 .text.main     0x08002608      0x534 ./src/main.o
                0x08002608                main
 .text          0x08002b3c      0x378 c:/users/maka/documents/02- tools/imt_sdk_win_64/winarm/armgcc/bin/../lib/gcc/arm-none-eabi/7.2.1/thumb/v7e-m\libgcc.a(_arm_addsubdf3.o)
                0x08002b3c                __aeabi_drsub
                0x08002b44                __aeabi_dsub
                0x08002b44                __subdf3
                0x08002b48                __aeabi_dadd
                0x08002b48                __adddf3
                0x08002dc0                __floatunsidf
                0x08002dc0                __aeabi_ui2d
                0x08002de0                __floatsidf
                0x08002de0                __aeabi_i2d
                0x08002e04                __aeabi_f2d
                0x08002e04                __extendsfdf2
                0x08002e48                __floatundidf
                0x08002e48                __aeabi_ul2d
                0x08002e58                __floatdidf
                0x08002e58                __aeabi_l2d
 .text          0x08002eb4      0x110 c:/users/maka/documents/02- tools/imt_sdk_win_64/winarm/armgcc/bin/../lib/gcc/arm-none-eabi/7.2.1/thumb/v7e-m\libgcc.a(_arm_cmpdf2.o)
                0x08002eb4                __gtdf2
                0x08002eb4                __gedf2
                0x08002ebc                __ltdf2
                0x08002ebc                __ledf2
                0x08002ec4                __nedf2
                0x08002ec4                __eqdf2
                0x08002ec4                __cmpdf2
                0x08002f40                __aeabi_cdrcmple
                0x08002f50                __aeabi_cdcmpeq
                0x08002f50                __aeabi_cdcmple
                0x08002f60                __aeabi_dcmpeq
                0x08002f74                __aeabi_dcmplt
                0x08002f88                __aeabi_dcmple
                0x08002f9c                __aeabi_dcmpge
                0x08002fb0                __aeabi_dcmpgt
 .text          0x08002fc4      0x21c c:/users/maka/documents/02- tools/imt_sdk_win_64/winarm/armgcc/bin/../lib/gcc/arm-none-eabi/7.2.1/thumb/v7e-m\libgcc.a(_arm_addsubsf3.o)
                0x08002fc4                __aeabi_frsub
                0x08002fcc                __subsf3
                0x08002fcc                __aeabi_fsub
                0x08002fd0                __aeabi_fadd
                0x08002fd0                __addsf3
                0x08003130                __aeabi_ui2f
                0x08003130                __floatunsisf
                0x08003138                __aeabi_i2f
                0x08003138                __floatsisf
                0x08003154                __aeabi_ul2f
                0x08003154                __floatundisf
                0x08003164                __aeabi_l2f
                0x08003164                __floatdisf
 .text          0x080031e0      0x2a0 c:/users/maka/documents/02- tools/imt_sdk_win_64/winarm/armgcc/bin/../lib/gcc/arm-none-eabi/7.2.1/thumb/v7e-m\libgcc.a(_arm_muldivsf3.o)
                0x080031e0                __mulsf3
                0x080031e0                __aeabi_fmul
                0x08003348                __aeabi_fdiv
                0x08003348                __divsf3
 .text          0x08003480       0x40 c:/users/maka/documents/02- tools/imt_sdk_win_64/winarm/armgcc/bin/../lib/gcc/arm-none-eabi/7.2.1/thumb/v7e-m\libgcc.a(_arm_fixunssfsi.o)
                0x08003480                __fixunssfsi
                0x08003480                __aeabi_f2uiz
 .text          0x080034c0       0x30 c:/users/maka/documents/02- tools/imt_sdk_win_64/winarm/armgcc/bin/../lib/gcc/arm-none-eabi/7.2.1/thumb/v7e-m\libgcc.a(_aeabi_uldivmod.o)
                0x080034c0                __aeabi_uldivmod
 .text          0x080034f0      0x2cc c:/users/maka/documents/02- tools/imt_sdk_win_64/winarm/armgcc/bin/../lib/gcc/arm-none-eabi/7.2.1/thumb/v7e-m\libgcc.a(_udivmoddi4.o)
                0x080034f0                __udivmoddi4
 .text          0x080037bc        0x4 c:/users/maka/documents/02- tools/imt_sdk_win_64/winarm/armgcc/bin/../lib/gcc/arm-none-eabi/7.2.1/thumb/v7e-m\libgcc.a(_dvmd_tls.o)
                0x080037bc                __aeabi_idiv0
                0x080037bc                __aeabi_ldiv0
 .text.__errno  0x080037c0        0xc c:/users/maka/documents/02- tools/imt_sdk_win_64/winarm/armgcc/bin/../lib/gcc/arm-none-eabi/7.2.1/../../../../arm-none-eabi/lib/thumb/v7e-m\libg_nano.a(lib_a-errno.o)
                0x080037c0                __errno
 .text._vsnprintf_r
                0x080037cc       0x58 c:/users/maka/documents/02- tools/imt_sdk_win_64/winarm/armgcc/bin/../lib/gcc/arm-none-eabi/7.2.1/../../../../arm-none-eabi/lib/thumb/v7e-m\libg_nano.a(lib_a-vsnprintf.o)
                0x080037cc                _vsniprintf_r
                0x080037cc                _vsnprintf_r
 .text.vsnprintf
                0x08003824       0x1c c:/users/maka/documents/02- tools/imt_sdk_win_64/winarm/armgcc/bin/../lib/gcc/arm-none-eabi/7.2.1/../../../../arm-none-eabi/lib/thumb/v7e-m\libg_nano.a(lib_a-vsnprintf.o)
                0x08003824                vsniprintf
                0x08003824                vsnprintf
 .text.__ssputs_r
                0x08003840       0xb4 c:/users/maka/documents/02- tools/imt_sdk_win_64/winarm/armgcc/bin/../lib/gcc/arm-none-eabi/7.2.1/../../../../arm-none-eabi/lib/thumb/v7e-m\libg_nano.a(lib_a-nano-svfprintf.o)
                0x08003840                __ssputs_r
 .text._svfprintf_r
                0x080038f4      0x1ec c:/users/maka/documents/02- tools/imt_sdk_win_64/winarm/armgcc/bin/../lib/gcc/arm-none-eabi/7.2.1/../../../../arm-none-eabi/lib/thumb/v7e-m\libg_nano.a(lib_a-nano-svfprintf.o)
                0x080038f4                _svfiprintf_r
                0x080038f4                _svfprintf_r
 .text._printf_common
                0x08003ae0       0xea c:/users/maka/documents/02- tools/imt_sdk_win_64/winarm/armgcc/bin/../lib/gcc/arm-none-eabi/7.2.1/../../../../arm-none-eabi/lib/thumb/v7e-m\libg_nano.a(lib_a-nano-vfprintf_i.o)
                0x08003ae0                _printf_common
 *fill*         0x08003bca        0x2 
 .text._printf_i
                0x08003bcc      0x224 c:/users/maka/documents/02- tools/imt_sdk_win_64/winarm/armgcc/bin/../lib/gcc/arm-none-eabi/7.2.1/../../../../arm-none-eabi/lib/thumb/v7e-m\libg_nano.a(lib_a-nano-vfprintf_i.o)
                0x08003bcc                _printf_i
 .text          0x08003df0       0xa0 c:/users/maka/documents/02- tools/imt_sdk_win_64/winarm/armgcc/bin/../lib/gcc/arm-none-eabi/7.2.1/../../../../arm-none-eabi/lib/thumb/v7e-m\libg_nano.a(lib_a-memchr.o)
                0x08003df0                memchr
 .text.memcpy   0x08003e90       0x16 c:/users/maka/documents/02- tools/imt_sdk_win_64/winarm/armgcc/bin/../lib/gcc/arm-none-eabi/7.2.1/../../../../arm-none-eabi/lib/thumb/v7e-m\libg_nano.a(lib_a-memcpy-stub.o)
                0x08003e90                memcpy
 .text.memmove  0x08003ea6       0x32 c:/users/maka/documents/02- tools/imt_sdk_win_64/winarm/armgcc/bin/../lib/gcc/arm-none-eabi/7.2.1/../../../../arm-none-eabi/lib/thumb/v7e-m\libg_nano.a(lib_a-memmove.o)
                0x08003ea6                memmove
 .text._free_r  0x08003ed8       0x9c c:/users/maka/documents/02- tools/imt_sdk_win_64/winarm/armgcc/bin/../lib/gcc/arm-none-eabi/7.2.1/../../../../arm-none-eabi/lib/thumb/v7e-m\libg_nano.a(lib_a-nano-freer.o)
                0x08003ed8                _free_r
 .text._malloc_r
                0x08003f74       0xb4 c:/users/maka/documents/02- tools/imt_sdk_win_64/winarm/armgcc/bin/../lib/gcc/arm-none-eabi/7.2.1/../../../../arm-none-eabi/lib/thumb/v7e-m\libg_nano.a(lib_a-nano-mallocr.o)
                0x08003f74                _malloc_r
 .text._realloc_r
                0x08004028       0x4c c:/users/maka/documents/02- tools/imt_sdk_win_64/winarm/armgcc/bin/../lib/gcc/arm-none-eabi/7.2.1/../../../../arm-none-eabi/lib/thumb/v7e-m\libg_nano.a(lib_a-nano-reallocr.o)
                0x08004028                _realloc_r
 .text._sbrk_r  0x08004074       0x20 c:/users/maka/documents/02- tools/imt_sdk_win_64/winarm/armgcc/bin/../lib/gcc/arm-none-eabi/7.2.1/../../../../arm-none-eabi/lib/thumb/v7e-m\libg_nano.a(lib_a-sbrkr.o)
                0x08004074                _sbrk_r
 .text.__malloc_lock
                0x08004094        0x2 c:/users/maka/documents/02- tools/imt_sdk_win_64/winarm/armgcc/bin/../lib/gcc/arm-none-eabi/7.2.1/../../../../arm-none-eabi/lib/thumb/v7e-m\libg_nano.a(lib_a-mlock.o)
                0x08004094                __malloc_lock
 .text.__malloc_unlock
                0x08004096        0x2 c:/users/maka/documents/02- tools/imt_sdk_win_64/winarm/armgcc/bin/../lib/gcc/arm-none-eabi/7.2.1/../../../../arm-none-eabi/lib/thumb/v7e-m\libg_nano.a(lib_a-mlock.o)
                0x08004096                __malloc_unlock
 .text._malloc_usable_size_r
                0x08004098       0x10 c:/users/maka/documents/02- tools/imt_sdk_win_64/winarm/armgcc/bin/../lib/gcc/arm-none-eabi/7.2.1/../../../../arm-none-eabi/lib/thumb/v7e-m\libg_nano.a(lib_a-nano-msizer.o)
                0x08004098                _malloc_usable_size_r
 *(.rodata .rodata.* .constdata .constdata.*)
 .rodata.dumpExceptionStack.str1.4
                0x080040a8      0x11a ./system/src/cortexm/exception_handlers.o
 *fill*         0x080041c2        0x2 
 .rodata.str1.4
                0x080041c4       0x2a ./system/src/cortexm/exception_handlers.o
 *fill*         0x080041ee        0x2 
 .rodata.FONT_CHARS
                0x080041f0      0x2a0 ./src/HAL/TFT/TFT_prog.o
                0x080041f0                FONT_CHARS
 .rodata.car    0x08004490     0xa000 ./src/main.o
                0x08004490                car
 .rodata.main.str1.4
                0x0800e490      0x110 ./src/main.o
                                0x10e (size before relaxing)
 .rodata._svfprintf_r.str1.1
                0x0800e5a0       0x11 c:/users/maka/documents/02- tools/imt_sdk_win_64/winarm/armgcc/bin/../lib/gcc/arm-none-eabi/7.2.1/../../../../arm-none-eabi/lib/thumb/v7e-m\libg_nano.a(lib_a-nano-svfprintf.o)
 .rodata._printf_i.str1.1
                0x0800e5b1       0x22 c:/users/maka/documents/02- tools/imt_sdk_win_64/winarm/armgcc/bin/../lib/gcc/arm-none-eabi/7.2.1/../../../../arm-none-eabi/lib/thumb/v7e-m\libg_nano.a(lib_a-nano-vfprintf_i.o)
 *(vtable)
 *(.eh_frame*)
 *(.glue_7)
 .glue_7        0x0800e5d3        0x0 linker stubs
 *(.glue_7t)
 .glue_7t       0x0800e5d3        0x0 linker stubs

.vfp11_veneer   0x0800e5d4        0x0
 .vfp11_veneer  0x0800e5d4        0x0 linker stubs

.v4_bx          0x0800e5d4        0x0
 .v4_bx         0x0800e5d4        0x0 linker stubs

.iplt           0x0800e5d4        0x0
 .iplt          0x0800e5d4        0x0 ./system/src/newlib/_exit.o

.ARM.extab
 *(.ARM.extab* .gnu.linkonce.armextab.*)
                0x0800e5d4                . = ALIGN (0x4)
                0x0800e5d4                __exidx_start = .

.ARM.exidx      0x0800e5d4        0x8
 *(.ARM.exidx* .gnu.linkonce.armexidx.*)
 .ARM.exidx     0x0800e5d4        0x8 c:/users/maka/documents/02- tools/imt_sdk_win_64/winarm/armgcc/bin/../lib/gcc/arm-none-eabi/7.2.1/thumb/v7e-m\libgcc.a(_udivmoddi4.o)
                0x0800e5dc                __exidx_end = .

.rel.dyn        0x0800e5dc        0x0
 .rel.iplt      0x0800e5dc        0x0 ./system/src/newlib/_exit.o
                0x0800e5dc                . = ALIGN (0x4)
                0x0800e5dc                _etext = .
                0x0800e5dc                __etext = .

.data_CCMRAM    0x10000000        0x0 load address 0x0800e5dc
 FILL mask 0xff
 *(.data.CCMRAM .data.CCMRAM.*)
                0x10000000                . = ALIGN (0x4)
                0x0800e5dc                _sidata = LOADADDR (.data)

.data           0x20000000       0xa4 load address 0x0800e5dc
 FILL mask 0xff
                0x20000000                _sdata = .
                0x20000000                __data_start__ = .
 *(.data_begin .data_begin.*)
 .data_begin    0x20000000        0x4 ./system/src/newlib/_startup.o
 *(.data .data.*)
 .data.argv.4310
                0x20000004        0x8 ./system/src/newlib/_syscalls.o
 .data.MUART_Init
                0x2000000c        0xc ./src/MCAL/UART/UART_conf.o
                0x2000000c                MUART_Init
 .data.config_output_pin_push_pull
                0x20000018        0x5 ./src/MCAL/GPIO/GPIO_conf.o
                0x20000018                config_output_pin_push_pull
 *fill*         0x2000001d        0x3 ff
 .data.config_pin_Alt_fun
                0x20000020        0x5 ./src/MCAL/GPIO/GPIO_conf.o
                0x20000020                config_pin_Alt_fun
 *fill*         0x20000025        0x3 ff
 .data.config_TFT_pins
                0x20000028        0x4 ./src/HAL/TFT/TFT_conf.o
                0x20000028                config_TFT_pins
 .data.M1       0x2000002c        0x4 ./src/HAL/PWM_DCmotor/PWM_DCmotor_conf.o
                0x2000002c                M1
 .data.M2       0x20000030        0x4 ./src/HAL/PWM_DCmotor/PWM_DCmotor_conf.o
                0x20000030                M2
 .data.M3       0x20000034        0x4 ./src/HAL/PWM_DCmotor/PWM_DCmotor_conf.o
                0x20000034                M3
 .data.M4       0x20000038        0x4 ./src/HAL/PWM_DCmotor/PWM_DCmotor_conf.o
                0x20000038                M4
 .data._impure_ptr
                0x2000003c        0x4 c:/users/maka/documents/02- tools/imt_sdk_win_64/winarm/armgcc/bin/../lib/gcc/arm-none-eabi/7.2.1/../../../../arm-none-eabi/lib/thumb/v7e-m\libg_nano.a(lib_a-impure.o)
                0x2000003c                _impure_ptr
 .data.impure_data
                0x20000040       0x60 c:/users/maka/documents/02- tools/imt_sdk_win_64/winarm/armgcc/bin/../lib/gcc/arm-none-eabi/7.2.1/../../../../arm-none-eabi/lib/thumb/v7e-m\libg_nano.a(lib_a-impure.o)
 *(.data_end .data_end.*)
 .data_end      0x200000a0        0x4 ./system/src/newlib/_startup.o
                0x200000a4                . = ALIGN (0x4)
                0x200000a4                _edata = .
                0x200000a4                __data_end__ = .

.igot.plt       0x200000a4        0x0 load address 0x0800e680
 .igot.plt      0x200000a4        0x0 ./system/src/newlib/_exit.o

.bss_CCMRAM     0x10000000        0x0
 *(.bss.CCMRAM .bss.CCMRAM.*)

.bss            0x200000a4      0x194
                0x200000a4                __bss_start__ = .
                0x200000a4                _sbss = .
 *(.bss_begin .bss_begin.*)
 .bss_begin     0x200000a4        0x4 ./system/src/newlib/_startup.o
 *(.bss .bss.*)
 .bss.current_heap_end.3961
                0x200000a8        0x4 ./system/src/newlib/_sbrk.o
 .bss.name.4309
                0x200000ac        0x1 ./system/src/newlib/_syscalls.o
 *fill*         0x200000ad        0x3 
 .bss.buf.5205  0x200000b0       0x80 ./system/src/diag/Trace.o
 .bss.MUART_clock
                0x20000130        0x4 ./src/MCAL/UART/UART_conf.o
                0x20000130                MUART_clock
 .bss.GS_u32FullOverFlowCounts
                0x20000134        0x4 ./src/MCAL/SYSTIC/SYSTIC_prog.o
 .bss.GS_u32PartOverFlowCounts
                0x20000138        0x4 ./src/MCAL/SYSTIC/SYSTIC_prog.o
 .bss.GS_u32ResumeFullOverFlowCounts
                0x2000013c        0x4 ./src/MCAL/SYSTIC/SYSTIC_prog.o
 .bss.GS_u8SingleFlag
                0x20000140        0x1 ./src/MCAL/SYSTIC/SYSTIC_prog.o
 *fill*         0x20000141        0x3 
 .bss.G_u32SysTickSetCallBack
                0x20000144        0x4 ./src/MCAL/SYSTIC/SYSTIC_prog.o
 .bss.G_u8DataAfterProccing
                0x20000148        0x1 ./src/main.o
                0x20000148                G_u8DataAfterProccing
 .bss.G_u8DataFromBluetooth
                0x20000149        0x1 ./src/main.o
                0x20000149                G_u8DataFromBluetooth
 .bss.G_u8DataFromRPI
                0x2000014a        0x1 ./src/main.o
                0x2000014a                G_u8DataFromRPI
 .bss.G_u8DataToRPI
                0x2000014b        0x1 ./src/main.o
                0x2000014b                G_u8DataToRPI
 .bss.G_xMy_Data
                0x2000014c        0x1 ./src/main.o
                0x2000014c                G_xMy_Data
 *fill*         0x2000014d        0x3 
 .bss.G_xNear_Distance
                0x20000150        0x4 ./src/main.o
                0x20000150                G_xNear_Distance
 .bss.__malloc_free_list
                0x20000154        0x4 c:/users/maka/documents/02- tools/imt_sdk_win_64/winarm/armgcc/bin/../lib/gcc/arm-none-eabi/7.2.1/../../../../arm-none-eabi/lib/thumb/v7e-m\libg_nano.a(lib_a-nano-mallocr.o)
                0x20000154                __malloc_free_list
 .bss.__malloc_sbrk_start
                0x20000158        0x4 c:/users/maka/documents/02- tools/imt_sdk_win_64/winarm/armgcc/bin/../lib/gcc/arm-none-eabi/7.2.1/../../../../arm-none-eabi/lib/thumb/v7e-m\libg_nano.a(lib_a-nano-mallocr.o)
                0x20000158                __malloc_sbrk_start
 *(COMMON)
 COMMON         0x2000015c        0x4 ./system/src/newlib/_syscalls.o
                0x2000015c                errno
 COMMON         0x20000160       0xd4 ./src/MCAL/UART/UART_program.o
                0x20000160                global_u8String
                0x20000228                MUSART2_CallBack
                0x2000022c                MUSART6_CallBack
                0x20000230                MUSART1_CallBack
 *(.bss_end .bss_end.*)
 .bss_end       0x20000234        0x4 ./system/src/newlib/_startup.o
                0x20000238                . = ALIGN (0x4)
                0x20000238                __bss_end__ = .
                0x20000238                _ebss = .

.noinit_CCMRAM
 *(.noinit.CCMRAM .noinit.CCMRAM.*)

.noinit         0x20000238        0x0
                0x20000238                _noinit = .
 *(.noinit .noinit.*)
                0x20000238                . = ALIGN (0x4)
                0x20000238                _end_noinit = .
                [!provide]                PROVIDE (end, _end_noinit)
                [!provide]                PROVIDE (_end, _end_noinit)
                [!provide]                PROVIDE (__end, _end_noinit)
                [!provide]                PROVIDE (__end__, _end_noinit)

._check_stack   0x20000238      0x100
                0x20000338                . = (. + _Minimum_Stack_Size)
 *fill*         0x20000238      0x100 

.b1text
 *(.b1text)
 *(.b1rodata)
 *(.b1rodata.*)

.eb0text
 *(.eb0text)
 *(.eb0rodata)
 *(.eb0rodata.*)

.eb1text
 *(.eb1text)
 *(.eb1rodata)
 *(.eb1rodata.*)

.eb2text
 *(.eb2text)
 *(.eb2rodata)
 *(.eb2rodata.*)

.eb3text
 *(.eb3text)
 *(.eb3rodata)
 *(.eb3rodata.*)

.stab
 *(.stab)

.stabstr
 *(.stabstr)

.stab.excl
 *(.stab.excl)

.stab.exclstr
 *(.stab.exclstr)

.stab.index
 *(.stab.index)

.stab.indexstr
 *(.stab.indexstr)

.comment        0x00000000       0x7e
 *(.comment)
 .comment       0x00000000       0x7e ./system/src/newlib/_exit.o
                                 0x7f (size before relaxing)
 .comment       0x0000007e       0x7f ./system/src/newlib/_sbrk.o
 .comment       0x0000007e       0x7f ./system/src/newlib/_startup.o
 .comment       0x0000007e       0x7f ./system/src/newlib/_syscalls.o
 .comment       0x0000007e       0x7f ./system/src/diag/Trace.o
 .comment       0x0000007e       0x7f ./system/src/diag/trace_impl.o
 .comment       0x0000007e       0x7f ./system/src/cortexm/_initialize_hardware.o
 .comment       0x0000007e       0x7f ./system/src/cortexm/exception_handlers.o
 .comment       0x0000007e       0x7f ./system/src/cmsis/system_stm32f4xx.o
 .comment       0x0000007e       0x7f ./system/src/cmsis/vectors_stm32f401xc.o
 .comment       0x0000007e       0x7f ./src/MCAL/UART/UART_conf.o
 .comment       0x0000007e       0x7f ./src/MCAL/UART/UART_program.o
 .comment       0x0000007e       0x7f ./src/MCAL/Timer/Timer_prog.o
 .comment       0x0000007e       0x7f ./src/MCAL/SYSTIC/SYSTIC_prog.o
 .comment       0x0000007e       0x7f ./src/MCAL/SPI/SPI_prog.o
 .comment       0x0000007e       0x7f ./src/MCAL/RCC/RCC_prog.o
 .comment       0x0000007e       0x7f ./src/MCAL/NVIC/NVIC_prog.o
 .comment       0x0000007e       0x7f ./src/MCAL/GPIO/GPIO_conf.o
 .comment       0x0000007e       0x7f ./src/MCAL/GPIO/GPIO_prog.o
 .comment       0x0000007e       0x7f ./src/HAL/TFT/TFT_conf.o
 .comment       0x0000007e       0x7f ./src/HAL/TFT/TFT_prog.o
 .comment       0x0000007e       0x7f ./src/HAL/PWM_DCmotor/PWM_DCmotor_conf.o
 .comment       0x0000007e       0x7f ./src/HAL/PWM_DCmotor/PWM_DCmotor_prog.o
 .comment       0x0000007e       0x7f ./src/HAL/LED/LED_prog.o
 .comment       0x0000007e       0x7f ./src/_initialize_hardware.o
 .comment       0x0000007e       0x7f ./src/main.o

.ARM.attributes
                0x00000000       0x31
 .ARM.attributes
                0x00000000       0x33 ./system/src/newlib/_exit.o
 .ARM.attributes
                0x00000033       0x33 ./system/src/newlib/_sbrk.o
 .ARM.attributes
                0x00000066       0x33 ./system/src/newlib/_startup.o
 .ARM.attributes
                0x00000099       0x33 ./system/src/newlib/_syscalls.o
 .ARM.attributes
                0x000000cc       0x33 ./system/src/diag/Trace.o
 .ARM.attributes
                0x000000ff       0x33 ./system/src/diag/trace_impl.o
 .ARM.attributes
                0x00000132       0x33 ./system/src/cortexm/_initialize_hardware.o
 .ARM.attributes
                0x00000165       0x33 ./system/src/cortexm/exception_handlers.o
 .ARM.attributes
                0x00000198       0x33 ./system/src/cmsis/system_stm32f4xx.o
 .ARM.attributes
                0x000001cb       0x33 ./system/src/cmsis/vectors_stm32f401xc.o
 .ARM.attributes
                0x000001fe       0x33 ./src/MCAL/UART/UART_conf.o
 .ARM.attributes
                0x00000231       0x33 ./src/MCAL/UART/UART_program.o
 .ARM.attributes
                0x00000264       0x33 ./src/MCAL/Timer/Timer_prog.o
 .ARM.attributes
                0x00000297       0x33 ./src/MCAL/SYSTIC/SYSTIC_prog.o
 .ARM.attributes
                0x000002ca       0x33 ./src/MCAL/SPI/SPI_prog.o
 .ARM.attributes
                0x000002fd       0x33 ./src/MCAL/RCC/RCC_prog.o
 .ARM.attributes
                0x00000330       0x33 ./src/MCAL/NVIC/NVIC_prog.o
 .ARM.attributes
                0x00000363       0x33 ./src/MCAL/GPIO/GPIO_conf.o
 .ARM.attributes
                0x00000396       0x33 ./src/MCAL/GPIO/GPIO_prog.o
 .ARM.attributes
                0x000003c9       0x33 ./src/HAL/TFT/TFT_conf.o
 .ARM.attributes
                0x000003fc       0x33 ./src/HAL/TFT/TFT_prog.o
 .ARM.attributes
                0x0000042f       0x33 ./src/HAL/PWM_DCmotor/PWM_DCmotor_conf.o
 .ARM.attributes
                0x00000462       0x33 ./src/HAL/PWM_DCmotor/PWM_DCmotor_prog.o
 .ARM.attributes
                0x00000495       0x33 ./src/HAL/LED/LED_prog.o
 .ARM.attributes
                0x000004c8       0x33 ./src/_initialize_hardware.o
 .ARM.attributes
                0x000004fb       0x33 ./src/main.o
 .ARM.attributes
                0x0000052e       0x1e c:/users/maka/documents/02- tools/imt_sdk_win_64/winarm/armgcc/bin/../lib/gcc/arm-none-eabi/7.2.1/thumb/v7e-m\libgcc.a(_arm_addsubdf3.o)
 .ARM.attributes
                0x0000054c       0x1e c:/users/maka/documents/02- tools/imt_sdk_win_64/winarm/armgcc/bin/../lib/gcc/arm-none-eabi/7.2.1/thumb/v7e-m\libgcc.a(_arm_cmpdf2.o)
 .ARM.attributes
                0x0000056a       0x1e c:/users/maka/documents/02- tools/imt_sdk_win_64/winarm/armgcc/bin/../lib/gcc/arm-none-eabi/7.2.1/thumb/v7e-m\libgcc.a(_arm_addsubsf3.o)
 .ARM.attributes
                0x00000588       0x1e c:/users/maka/documents/02- tools/imt_sdk_win_64/winarm/armgcc/bin/../lib/gcc/arm-none-eabi/7.2.1/thumb/v7e-m\libgcc.a(_arm_muldivsf3.o)
 .ARM.attributes
                0x000005a6       0x1e c:/users/maka/documents/02- tools/imt_sdk_win_64/winarm/armgcc/bin/../lib/gcc/arm-none-eabi/7.2.1/thumb/v7e-m\libgcc.a(_arm_fixunssfsi.o)
 .ARM.attributes
                0x000005c4       0x1e c:/users/maka/documents/02- tools/imt_sdk_win_64/winarm/armgcc/bin/../lib/gcc/arm-none-eabi/7.2.1/thumb/v7e-m\libgcc.a(_aeabi_uldivmod.o)
 .ARM.attributes
                0x000005e2       0x2e c:/users/maka/documents/02- tools/imt_sdk_win_64/winarm/armgcc/bin/../lib/gcc/arm-none-eabi/7.2.1/thumb/v7e-m\libgcc.a(_udivmoddi4.o)
 .ARM.attributes
                0x00000610       0x1e c:/users/maka/documents/02- tools/imt_sdk_win_64/winarm/armgcc/bin/../lib/gcc/arm-none-eabi/7.2.1/thumb/v7e-m\libgcc.a(_dvmd_tls.o)
 .ARM.attributes
                0x0000062e       0x2e c:/users/maka/documents/02- tools/imt_sdk_win_64/winarm/armgcc/bin/../lib/gcc/arm-none-eabi/7.2.1/../../../../arm-none-eabi/lib/thumb/v7e-m\libg_nano.a(lib_a-errno.o)
 .ARM.attributes
                0x0000065c       0x2e c:/users/maka/documents/02- tools/imt_sdk_win_64/winarm/armgcc/bin/../lib/gcc/arm-none-eabi/7.2.1/../../../../arm-none-eabi/lib/thumb/v7e-m\libg_nano.a(lib_a-impure.o)
 .ARM.attributes
                0x0000068a       0x2e c:/users/maka/documents/02- tools/imt_sdk_win_64/winarm/armgcc/bin/../lib/gcc/arm-none-eabi/7.2.1/../../../../arm-none-eabi/lib/thumb/v7e-m\libg_nano.a(lib_a-vsnprintf.o)
 .ARM.attributes
                0x000006b8       0x2e c:/users/maka/documents/02- tools/imt_sdk_win_64/winarm/armgcc/bin/../lib/gcc/arm-none-eabi/7.2.1/../../../../arm-none-eabi/lib/thumb/v7e-m\libg_nano.a(lib_a-nano-svfprintf.o)
 .ARM.attributes
                0x000006e6       0x2e c:/users/maka/documents/02- tools/imt_sdk_win_64/winarm/armgcc/bin/../lib/gcc/arm-none-eabi/7.2.1/../../../../arm-none-eabi/lib/thumb/v7e-m\libg_nano.a(lib_a-nano-vfprintf_i.o)
 .ARM.attributes
                0x00000714       0x1c c:/users/maka/documents/02- tools/imt_sdk_win_64/winarm/armgcc/bin/../lib/gcc/arm-none-eabi/7.2.1/../../../../arm-none-eabi/lib/thumb/v7e-m\libg_nano.a(lib_a-memchr.o)
 .ARM.attributes
                0x00000730       0x2e c:/users/maka/documents/02- tools/imt_sdk_win_64/winarm/armgcc/bin/../lib/gcc/arm-none-eabi/7.2.1/../../../../arm-none-eabi/lib/thumb/v7e-m\libg_nano.a(lib_a-memcpy-stub.o)
 .ARM.attributes
                0x0000075e       0x2e c:/users/maka/documents/02- tools/imt_sdk_win_64/winarm/armgcc/bin/../lib/gcc/arm-none-eabi/7.2.1/../../../../arm-none-eabi/lib/thumb/v7e-m\libg_nano.a(lib_a-memmove.o)
 .ARM.attributes
                0x0000078c       0x2e c:/users/maka/documents/02- tools/imt_sdk_win_64/winarm/armgcc/bin/../lib/gcc/arm-none-eabi/7.2.1/../../../../arm-none-eabi/lib/thumb/v7e-m\libg_nano.a(lib_a-nano-freer.o)
 .ARM.attributes
                0x000007ba       0x2e c:/users/maka/documents/02- tools/imt_sdk_win_64/winarm/armgcc/bin/../lib/gcc/arm-none-eabi/7.2.1/../../../../arm-none-eabi/lib/thumb/v7e-m\libg_nano.a(lib_a-nano-mallocr.o)
 .ARM.attributes
                0x000007e8       0x2e c:/users/maka/documents/02- tools/imt_sdk_win_64/winarm/armgcc/bin/../lib/gcc/arm-none-eabi/7.2.1/../../../../arm-none-eabi/lib/thumb/v7e-m\libg_nano.a(lib_a-nano-reallocr.o)
 .ARM.attributes
                0x00000816       0x2e c:/users/maka/documents/02- tools/imt_sdk_win_64/winarm/armgcc/bin/../lib/gcc/arm-none-eabi/7.2.1/../../../../arm-none-eabi/lib/thumb/v7e-m\libg_nano.a(lib_a-sbrkr.o)
 .ARM.attributes
                0x00000844       0x2e c:/users/maka/documents/02- tools/imt_sdk_win_64/winarm/armgcc/bin/../lib/gcc/arm-none-eabi/7.2.1/../../../../arm-none-eabi/lib/thumb/v7e-m\libg_nano.a(lib_a-mlock.o)
 .ARM.attributes
                0x00000872       0x2e c:/users/maka/documents/02- tools/imt_sdk_win_64/winarm/armgcc/bin/../lib/gcc/arm-none-eabi/7.2.1/../../../../arm-none-eabi/lib/thumb/v7e-m\libg_nano.a(lib_a-nano-msizer.o)

.debug
 *(.debug)

.line
 *(.line)

.debug_srcinfo
 *(.debug_srcinfo)

.debug_sfnames
 *(.debug_sfnames)

.debug_aranges  0x00000000      0x628
 *(.debug_aranges)
 .debug_aranges
                0x00000000       0x28 ./system/src/newlib/_exit.o
 .debug_aranges
                0x00000028       0x20 ./system/src/newlib/_sbrk.o
 .debug_aranges
                0x00000048       0x40 ./system/src/newlib/_startup.o
 .debug_aranges
                0x00000088       0x30 ./system/src/newlib/_syscalls.o
 .debug_aranges
                0x000000b8       0x38 ./system/src/diag/Trace.o
 .debug_aranges
                0x000000f0       0x30 ./system/src/diag/trace_impl.o
 .debug_aranges
                0x00000120       0x28 ./system/src/cortexm/_initialize_hardware.o
 .debug_aranges
                0x00000148       0x90 ./system/src/cortexm/exception_handlers.o
 .debug_aranges
                0x000001d8       0x28 ./system/src/cmsis/system_stm32f4xx.o
 .debug_aranges
                0x00000200       0x20 ./system/src/cmsis/vectors_stm32f401xc.o
 .debug_aranges
                0x00000220       0x18 ./src/MCAL/UART/UART_conf.o
 .debug_aranges
                0x00000238       0x98 ./src/MCAL/UART/UART_program.o
 .debug_aranges
                0x000002d0       0x28 ./src/MCAL/Timer/Timer_prog.o
 .debug_aranges
                0x000002f8       0x58 ./src/MCAL/SYSTIC/SYSTIC_prog.o
 .debug_aranges
                0x00000350       0x30 ./src/MCAL/SPI/SPI_prog.o
 .debug_aranges
                0x00000380       0x30 ./src/MCAL/RCC/RCC_prog.o
 .debug_aranges
                0x000003b0       0x50 ./src/MCAL/NVIC/NVIC_prog.o
 .debug_aranges
                0x00000400       0x18 ./src/MCAL/GPIO/GPIO_conf.o
 .debug_aranges
                0x00000418       0x60 ./src/MCAL/GPIO/GPIO_prog.o
 .debug_aranges
                0x00000478       0x18 ./src/HAL/TFT/TFT_conf.o
 .debug_aranges
                0x00000490       0x78 ./src/HAL/TFT/TFT_prog.o
 .debug_aranges
                0x00000508       0x18 ./src/HAL/PWM_DCmotor/PWM_DCmotor_conf.o
 .debug_aranges
                0x00000520       0x38 ./src/HAL/PWM_DCmotor/PWM_DCmotor_prog.o
 .debug_aranges
                0x00000558       0x38 ./src/HAL/LED/LED_prog.o
 .debug_aranges
                0x00000590       0x28 ./src/_initialize_hardware.o
 .debug_aranges
                0x000005b8       0x70 ./src/main.o

.debug_pubnames
 *(.debug_pubnames)

.debug_info     0x00000000     0xc77c
 *(.debug_info .gnu.linkonce.wi.*)
 .debug_info    0x00000000      0x956 ./system/src/newlib/_exit.o
 .debug_info    0x00000956      0x942 ./system/src/newlib/_sbrk.o
 .debug_info    0x00001298      0x4bf ./system/src/newlib/_startup.o
 .debug_info    0x00001757      0xa19 ./system/src/newlib/_syscalls.o
 .debug_info    0x00002170      0xb2a ./system/src/diag/Trace.o
 .debug_info    0x00002c9a      0xb6b ./system/src/diag/trace_impl.o
 .debug_info    0x00003805      0xade ./system/src/cortexm/_initialize_hardware.o
 .debug_info    0x000042e3     0x115a ./system/src/cortexm/exception_handlers.o
 .debug_info    0x0000543d      0xcfe ./system/src/cmsis/system_stm32f4xx.o
 .debug_info    0x0000613b       0xca ./system/src/cmsis/vectors_stm32f401xc.o
 .debug_info    0x00006205      0x150 ./src/MCAL/UART/UART_conf.o
 .debug_info    0x00006355      0x795 ./src/MCAL/UART/UART_program.o
 .debug_info    0x00006aea      0xdb0 ./src/MCAL/Timer/Timer_prog.o
 .debug_info    0x0000789a      0x26c ./src/MCAL/SYSTIC/SYSTIC_prog.o
 .debug_info    0x00007b06      0x4df ./src/MCAL/SPI/SPI_prog.o
 .debug_info    0x00007fe5      0x2a4 ./src/MCAL/RCC/RCC_prog.o
 .debug_info    0x00008289      0x33f ./src/MCAL/NVIC/NVIC_prog.o
 .debug_info    0x000085c8      0x132 ./src/MCAL/GPIO/GPIO_conf.o
 .debug_info    0x000086fa      0x480 ./src/MCAL/GPIO/GPIO_prog.o
 .debug_info    0x00008b7a       0xc0 ./src/HAL/TFT/TFT_conf.o
 .debug_info    0x00008c3a     0x16ef ./src/HAL/TFT/TFT_prog.o
 .debug_info    0x0000a329       0xef ./src/HAL/PWM_DCmotor/PWM_DCmotor_conf.o
 .debug_info    0x0000a418      0x239 ./src/HAL/PWM_DCmotor/PWM_DCmotor_prog.o
 .debug_info    0x0000a651      0x4c3 ./src/HAL/LED/LED_prog.o
 .debug_info    0x0000ab14      0xcfe ./src/_initialize_hardware.o
 .debug_info    0x0000b812      0xf6a ./src/main.o

.debug_abbrev   0x00000000     0x2746
 *(.debug_abbrev)
 .debug_abbrev  0x00000000      0x1f3 ./system/src/newlib/_exit.o
 .debug_abbrev  0x000001f3      0x1fc ./system/src/newlib/_sbrk.o
 .debug_abbrev  0x000003ef      0x1cb ./system/src/newlib/_startup.o
 .debug_abbrev  0x000005ba      0x234 ./system/src/newlib/_syscalls.o
 .debug_abbrev  0x000007ee      0x276 ./system/src/diag/Trace.o
 .debug_abbrev  0x00000a64      0x2ef ./system/src/diag/trace_impl.o
 .debug_abbrev  0x00000d53      0x1de ./system/src/cortexm/_initialize_hardware.o
 .debug_abbrev  0x00000f31      0x32b ./system/src/cortexm/exception_handlers.o
 .debug_abbrev  0x0000125c      0x216 ./system/src/cmsis/system_stm32f4xx.o
 .debug_abbrev  0x00001472       0x9d ./system/src/cmsis/vectors_stm32f401xc.o
 .debug_abbrev  0x0000150f       0x65 ./src/MCAL/UART/UART_conf.o
 .debug_abbrev  0x00001574      0x196 ./src/MCAL/UART/UART_program.o
 .debug_abbrev  0x0000170a      0x134 ./src/MCAL/Timer/Timer_prog.o
 .debug_abbrev  0x0000183e      0x117 ./src/MCAL/SYSTIC/SYSTIC_prog.o
 .debug_abbrev  0x00001955      0x14b ./src/MCAL/SPI/SPI_prog.o
 .debug_abbrev  0x00001aa0       0xa8 ./src/MCAL/RCC/RCC_prog.o
 .debug_abbrev  0x00001b48      0x130 ./src/MCAL/NVIC/NVIC_prog.o
 .debug_abbrev  0x00001c78       0x65 ./src/MCAL/GPIO/GPIO_conf.o
 .debug_abbrev  0x00001cdd      0x14b ./src/MCAL/GPIO/GPIO_prog.o
 .debug_abbrev  0x00001e28       0x65 ./src/HAL/TFT/TFT_conf.o
 .debug_abbrev  0x00001e8d      0x2f8 ./src/HAL/TFT/TFT_prog.o
 .debug_abbrev  0x00002185       0x65 ./src/HAL/PWM_DCmotor/PWM_DCmotor_conf.o
 .debug_abbrev  0x000021ea       0xd0 ./src/HAL/PWM_DCmotor/PWM_DCmotor_prog.o
 .debug_abbrev  0x000022ba       0xc7 ./src/HAL/LED/LED_prog.o
 .debug_abbrev  0x00002381      0x234 ./src/_initialize_hardware.o
 .debug_abbrev  0x000025b5      0x191 ./src/main.o

.debug_line     0x00000000     0x6596
 *(.debug_line)
 .debug_line    0x00000000      0x373 ./system/src/newlib/_exit.o
 .debug_line    0x00000373      0x327 ./system/src/newlib/_sbrk.o
 .debug_line    0x0000069a      0x3ef ./system/src/newlib/_startup.o
 .debug_line    0x00000a89      0x446 ./system/src/newlib/_syscalls.o
 .debug_line    0x00000ecf      0x3ef ./system/src/diag/Trace.o
 .debug_line    0x000012be      0xae3 ./system/src/diag/trace_impl.o
 .debug_line    0x00001da1      0xa4c ./system/src/cortexm/_initialize_hardware.o
 .debug_line    0x000027ed      0xb9a ./system/src/cortexm/exception_handlers.o
 .debug_line    0x00003387      0xa52 ./system/src/cmsis/system_stm32f4xx.o
 .debug_line    0x00003dd9      0x10b ./system/src/cmsis/vectors_stm32f401xc.o
 .debug_line    0x00003ee4       0xb3 ./src/MCAL/UART/UART_conf.o
 .debug_line    0x00003f97      0x2d3 ./src/MCAL/UART/UART_program.o
 .debug_line    0x0000426a      0x354 ./src/MCAL/Timer/Timer_prog.o
 .debug_line    0x000045be      0x1aa ./src/MCAL/SYSTIC/SYSTIC_prog.o
 .debug_line    0x00004768      0x1a9 ./src/MCAL/SPI/SPI_prog.o
 .debug_line    0x00004911      0x111 ./src/MCAL/RCC/RCC_prog.o
 .debug_line    0x00004a22      0x135 ./src/MCAL/NVIC/NVIC_prog.o
 .debug_line    0x00004b57       0xa9 ./src/MCAL/GPIO/GPIO_conf.o
 .debug_line    0x00004c00      0x223 ./src/MCAL/GPIO/GPIO_prog.o
 .debug_line    0x00004e23       0xac ./src/HAL/TFT/TFT_conf.o
 .debug_line    0x00004ecf      0x507 ./src/HAL/TFT/TFT_prog.o
 .debug_line    0x000053d6      0x105 ./src/HAL/PWM_DCmotor/PWM_DCmotor_conf.o
 .debug_line    0x000054db      0x14e ./src/HAL/PWM_DCmotor/PWM_DCmotor_prog.o
 .debug_line    0x00005629      0x13d ./src/HAL/LED/LED_prog.o
 .debug_line    0x00005766      0xa42 ./src/_initialize_hardware.o
 .debug_line    0x000061a8      0x3ee ./src/main.o

.debug_frame    0x00000000     0x1194
 *(.debug_frame)
 .debug_frame   0x00000000       0x38 ./system/src/newlib/_exit.o
 .debug_frame   0x00000038       0x28 ./system/src/newlib/_sbrk.o
 .debug_frame   0x00000060       0x7c ./system/src/newlib/_startup.o
 .debug_frame   0x000000dc       0x50 ./system/src/newlib/_syscalls.o
 .debug_frame   0x0000012c       0x94 ./system/src/diag/Trace.o
 .debug_frame   0x000001c0       0x64 ./system/src/diag/trace_impl.o
 .debug_frame   0x00000224       0x40 ./system/src/cortexm/_initialize_hardware.o
 .debug_frame   0x00000264      0x158 ./system/src/cortexm/exception_handlers.o
 .debug_frame   0x000003bc       0x30 ./system/src/cmsis/system_stm32f4xx.o
 .debug_frame   0x000003ec       0x20 ./system/src/cmsis/vectors_stm32f401xc.o
 .debug_frame   0x0000040c      0x150 ./src/MCAL/UART/UART_program.o
 .debug_frame   0x0000055c       0x44 ./src/MCAL/Timer/Timer_prog.o
 .debug_frame   0x000005a0       0xb0 ./src/MCAL/SYSTIC/SYSTIC_prog.o
 .debug_frame   0x00000650       0x48 ./src/MCAL/SPI/SPI_prog.o
 .debug_frame   0x00000698       0x40 ./src/MCAL/RCC/RCC_prog.o
 .debug_frame   0x000006d8       0x8c ./src/MCAL/NVIC/NVIC_prog.o
 .debug_frame   0x00000764       0xf0 ./src/MCAL/GPIO/GPIO_prog.o
 .debug_frame   0x00000854      0x190 ./src/HAL/TFT/TFT_prog.o
 .debug_frame   0x000009e4       0x88 ./src/HAL/PWM_DCmotor/PWM_DCmotor_prog.o
 .debug_frame   0x00000a6c       0x70 ./src/HAL/LED/LED_prog.o
 .debug_frame   0x00000adc       0x44 ./src/_initialize_hardware.o
 .debug_frame   0x00000b20      0x134 ./src/main.o
 .debug_frame   0x00000c54       0xac c:/users/maka/documents/02- tools/imt_sdk_win_64/winarm/armgcc/bin/../lib/gcc/arm-none-eabi/7.2.1/thumb/v7e-m\libgcc.a(_arm_addsubdf3.o)
 .debug_frame   0x00000d00       0xc4 c:/users/maka/documents/02- tools/imt_sdk_win_64/winarm/armgcc/bin/../lib/gcc/arm-none-eabi/7.2.1/thumb/v7e-m\libgcc.a(_arm_cmpdf2.o)
 .debug_frame   0x00000dc4       0x4c c:/users/maka/documents/02- tools/imt_sdk_win_64/winarm/armgcc/bin/../lib/gcc/arm-none-eabi/7.2.1/thumb/v7e-m\libgcc.a(_arm_addsubsf3.o)
 .debug_frame   0x00000e10       0x38 c:/users/maka/documents/02- tools/imt_sdk_win_64/winarm/armgcc/bin/../lib/gcc/arm-none-eabi/7.2.1/thumb/v7e-m\libgcc.a(_arm_muldivsf3.o)
 .debug_frame   0x00000e48       0x24 c:/users/maka/documents/02- tools/imt_sdk_win_64/winarm/armgcc/bin/../lib/gcc/arm-none-eabi/7.2.1/thumb/v7e-m\libgcc.a(_arm_fixunssfsi.o)
 .debug_frame   0x00000e6c       0x2c c:/users/maka/documents/02- tools/imt_sdk_win_64/winarm/armgcc/bin/../lib/gcc/arm-none-eabi/7.2.1/thumb/v7e-m\libgcc.a(_aeabi_uldivmod.o)
 .debug_frame   0x00000e98       0x34 c:/users/maka/documents/02- tools/imt_sdk_win_64/winarm/armgcc/bin/../lib/gcc/arm-none-eabi/7.2.1/thumb/v7e-m\libgcc.a(_udivmoddi4.o)
 .debug_frame   0x00000ecc       0x20 c:/users/maka/documents/02- tools/imt_sdk_win_64/winarm/armgcc/bin/../lib/gcc/arm-none-eabi/7.2.1/../../../../arm-none-eabi/lib/thumb/v7e-m\libg_nano.a(lib_a-errno.o)
 .debug_frame   0x00000eec       0x4c c:/users/maka/documents/02- tools/imt_sdk_win_64/winarm/armgcc/bin/../lib/gcc/arm-none-eabi/7.2.1/../../../../arm-none-eabi/lib/thumb/v7e-m\libg_nano.a(lib_a-vsnprintf.o)
 .debug_frame   0x00000f38       0x90 c:/users/maka/documents/02- tools/imt_sdk_win_64/winarm/armgcc/bin/../lib/gcc/arm-none-eabi/7.2.1/../../../../arm-none-eabi/lib/thumb/v7e-m\libg_nano.a(lib_a-nano-svfprintf.o)
 .debug_frame   0x00000fc8       0x60 c:/users/maka/documents/02- tools/imt_sdk_win_64/winarm/armgcc/bin/../lib/gcc/arm-none-eabi/7.2.1/../../../../arm-none-eabi/lib/thumb/v7e-m\libg_nano.a(lib_a-nano-vfprintf_i.o)
 .debug_frame   0x00001028       0x28 c:/users/maka/documents/02- tools/imt_sdk_win_64/winarm/armgcc/bin/../lib/gcc/arm-none-eabi/7.2.1/../../../../arm-none-eabi/lib/thumb/v7e-m\libg_nano.a(lib_a-memcpy-stub.o)
 .debug_frame   0x00001050       0x28 c:/users/maka/documents/02- tools/imt_sdk_win_64/winarm/armgcc/bin/../lib/gcc/arm-none-eabi/7.2.1/../../../../arm-none-eabi/lib/thumb/v7e-m\libg_nano.a(lib_a-memmove.o)
 .debug_frame   0x00001078       0x38 c:/users/maka/documents/02- tools/imt_sdk_win_64/winarm/armgcc/bin/../lib/gcc/arm-none-eabi/7.2.1/../../../../arm-none-eabi/lib/thumb/v7e-m\libg_nano.a(lib_a-nano-freer.o)
 .debug_frame   0x000010b0       0x2c c:/users/maka/documents/02- tools/imt_sdk_win_64/winarm/armgcc/bin/../lib/gcc/arm-none-eabi/7.2.1/../../../../arm-none-eabi/lib/thumb/v7e-m\libg_nano.a(lib_a-nano-mallocr.o)
 .debug_frame   0x000010dc       0x3c c:/users/maka/documents/02- tools/imt_sdk_win_64/winarm/armgcc/bin/../lib/gcc/arm-none-eabi/7.2.1/../../../../arm-none-eabi/lib/thumb/v7e-m\libg_nano.a(lib_a-nano-reallocr.o)
 .debug_frame   0x00001118       0x2c c:/users/maka/documents/02- tools/imt_sdk_win_64/winarm/armgcc/bin/../lib/gcc/arm-none-eabi/7.2.1/../../../../arm-none-eabi/lib/thumb/v7e-m\libg_nano.a(lib_a-sbrkr.o)
 .debug_frame   0x00001144       0x30 c:/users/maka/documents/02- tools/imt_sdk_win_64/winarm/armgcc/bin/../lib/gcc/arm-none-eabi/7.2.1/../../../../arm-none-eabi/lib/thumb/v7e-m\libg_nano.a(lib_a-mlock.o)
 .debug_frame   0x00001174       0x20 c:/users/maka/documents/02- tools/imt_sdk_win_64/winarm/armgcc/bin/../lib/gcc/arm-none-eabi/7.2.1/../../../../arm-none-eabi/lib/thumb/v7e-m\libg_nano.a(lib_a-nano-msizer.o)

.debug_str      0x00000000    0x791f4
 *(.debug_str)
 .debug_str     0x00000000     0x7d27 ./system/src/newlib/_exit.o
                               0x7efa (size before relaxing)
 .debug_str     0x00007d27      0x4f5 ./system/src/newlib/_sbrk.o
                               0x72ac (size before relaxing)
 .debug_str     0x0000821c      0xc23 ./system/src/newlib/_startup.o
                               0x6a4d (size before relaxing)
 .debug_str     0x00008e3f      0xe8b ./system/src/newlib/_syscalls.o
                               0x8187 (size before relaxing)
 .debug_str     0x00009cca      0x826 ./system/src/diag/Trace.o
                               0x8672 (size before relaxing)
 .debug_str     0x0000a4f0    0x67a2e ./system/src/diag/trace_impl.o
                              0x70998 (size before relaxing)
 .debug_str     0x00071f1e       0xc4 ./system/src/cortexm/_initialize_hardware.o
                              0x6f72a (size before relaxing)
 .debug_str     0x00071fe2      0x1a6 ./system/src/cortexm/exception_handlers.o
                              0x70b22 (size before relaxing)
 .debug_str     0x00072188      0x164 ./system/src/cmsis/system_stm32f4xx.o
                              0x6f80b (size before relaxing)
 .debug_str     0x000722ec       0x59 ./system/src/cmsis/vectors_stm32f401xc.o
                               0x388a (size before relaxing)
 .debug_str     0x00072345      0xbfc ./src/MCAL/UART/UART_conf.o
                               0x3a4a (size before relaxing)
 .debug_str     0x00072f41      0xe6f ./src/MCAL/UART/UART_program.o
                               0x48b8 (size before relaxing)
 .debug_str     0x00073db0     0x2d61 ./src/MCAL/Timer/Timer_prog.o
                               0x62d6 (size before relaxing)
 .debug_str     0x00076b11      0x318 ./src/MCAL/SYSTIC/SYSTIC_prog.o
                               0x3270 (size before relaxing)
 .debug_str     0x00076e29      0x541 ./src/MCAL/SPI/SPI_prog.o
                               0x3a71 (size before relaxing)
 .debug_str     0x0007736a      0x3c7 ./src/MCAL/RCC/RCC_prog.o
                               0x365d (size before relaxing)
 .debug_str     0x00077731      0x2c8 ./src/MCAL/NVIC/NVIC_prog.o
                               0x3862 (size before relaxing)
 .debug_str     0x000779f9      0x226 ./src/MCAL/GPIO/GPIO_conf.o
                               0x34c7 (size before relaxing)
 .debug_str     0x00077c1f      0x19f ./src/MCAL/GPIO/GPIO_prog.o
                               0x3838 (size before relaxing)
 .debug_str     0x00077dbe       0x71 ./src/HAL/TFT/TFT_conf.o
                               0x32a9 (size before relaxing)
 .debug_str     0x00077e2f      0xc0d ./src/HAL/TFT/TFT_prog.o
                               0x734f (size before relaxing)
 .debug_str     0x00078a3c       0xef ./src/HAL/PWM_DCmotor/PWM_DCmotor_conf.o
                               0x30ae (size before relaxing)
 .debug_str     0x00078b2b       0x7b ./src/HAL/PWM_DCmotor/PWM_DCmotor_prog.o
                               0x311e (size before relaxing)
 .debug_str     0x00078ba6      0x24a ./src/HAL/LED/LED_prog.o
                               0x33a9 (size before relaxing)
 .debug_str     0x00078df0      0x19a ./src/_initialize_hardware.o
                              0x6f902 (size before relaxing)
 .debug_str     0x00078f8a      0x26a ./src/main.o
                               0x3bd5 (size before relaxing)

.debug_loc      0x00000000     0x3389
 *(.debug_loc)
 .debug_loc     0x00000000       0x85 ./system/src/newlib/_sbrk.o
 .debug_loc     0x00000085      0x2cb ./system/src/newlib/_startup.o
 .debug_loc     0x00000350       0x63 ./system/src/newlib/_syscalls.o
 .debug_loc     0x000003b3       0xf6 ./system/src/diag/Trace.o
 .debug_loc     0x000004a9      0x121 ./system/src/diag/trace_impl.o
 .debug_loc     0x000005ca      0x291 ./system/src/cortexm/exception_handlers.o
 .debug_loc     0x0000085b      0x13e ./system/src/cmsis/system_stm32f4xx.o
 .debug_loc     0x00000999      0x1e4 ./src/MCAL/UART/UART_program.o
 .debug_loc     0x00000b7d     0x1003 ./src/MCAL/Timer/Timer_prog.o
 .debug_loc     0x00001b80       0xd3 ./src/MCAL/SYSTIC/SYSTIC_prog.o
 .debug_loc     0x00001c53       0xf1 ./src/MCAL/SPI/SPI_prog.o
 .debug_loc     0x00001d44      0x134 ./src/MCAL/RCC/RCC_prog.o
 .debug_loc     0x00001e78      0x1f2 ./src/MCAL/NVIC/NVIC_prog.o
 .debug_loc     0x0000206a      0xad2 ./src/MCAL/GPIO/GPIO_prog.o
 .debug_loc     0x00002b3c      0x6cd ./src/HAL/TFT/TFT_prog.o
 .debug_loc     0x00003209       0x42 ./src/HAL/PWM_DCmotor/PWM_DCmotor_prog.o
 .debug_loc     0x0000324b       0x84 ./src/HAL/LED/LED_prog.o
 .debug_loc     0x000032cf       0xba ./src/main.o

.debug_macinfo
 *(.debug_macinfo)

.debug_weaknames
 *(.debug_weaknames)

.debug_funcnames
 *(.debug_funcnames)

.debug_typenames
 *(.debug_typenames)

.debug_varnames
 *(.debug_varnames)
OUTPUT(Accelaration_Subsystem.elf elf32-littlearm)

.debug_ranges   0x00000000      0x4f8
 .debug_ranges  0x00000000       0x18 ./system/src/newlib/_exit.o
 .debug_ranges  0x00000018       0x10 ./system/src/newlib/_sbrk.o
 .debug_ranges  0x00000028       0x90 ./system/src/newlib/_startup.o
 .debug_ranges  0x000000b8       0x20 ./system/src/newlib/_syscalls.o
 .debug_ranges  0x000000d8       0x28 ./system/src/diag/Trace.o
 .debug_ranges  0x00000100       0x50 ./system/src/diag/trace_impl.o
 .debug_ranges  0x00000150       0x18 ./system/src/cortexm/_initialize_hardware.o
 .debug_ranges  0x00000168       0x80 ./system/src/cortexm/exception_handlers.o
 .debug_ranges  0x000001e8       0x18 ./system/src/cmsis/system_stm32f4xx.o
 .debug_ranges  0x00000200       0x10 ./system/src/cmsis/vectors_stm32f401xc.o
 .debug_ranges  0x00000210       0x88 ./src/MCAL/UART/UART_program.o
 .debug_ranges  0x00000298       0x18 ./src/MCAL/Timer/Timer_prog.o
 .debug_ranges  0x000002b0       0x48 ./src/MCAL/SYSTIC/SYSTIC_prog.o
 .debug_ranges  0x000002f8       0x20 ./src/MCAL/SPI/SPI_prog.o
 .debug_ranges  0x00000318       0x20 ./src/MCAL/RCC/RCC_prog.o
 .debug_ranges  0x00000338       0x40 ./src/MCAL/NVIC/NVIC_prog.o
 .debug_ranges  0x00000378       0x50 ./src/MCAL/GPIO/GPIO_prog.o
 .debug_ranges  0x000003c8       0x68 ./src/HAL/TFT/TFT_prog.o
 .debug_ranges  0x00000430       0x28 ./src/HAL/PWM_DCmotor/PWM_DCmotor_prog.o
 .debug_ranges  0x00000458       0x28 ./src/HAL/LED/LED_prog.o
 .debug_ranges  0x00000480       0x18 ./src/_initialize_hardware.o
 .debug_ranges  0x00000498       0x60 ./src/main.o

.debug_macro    0x00000000     0x5703
 .debug_macro   0x00000000      0x1b4 ./system/src/newlib/_exit.o
 .debug_macro   0x000001b4      0x10e ./system/src/newlib/_exit.o
 .debug_macro   0x000002c2       0x8d ./system/src/newlib/_exit.o
 .debug_macro   0x0000034f       0x35 ./system/src/newlib/_exit.o
 .debug_macro   0x00000384      0x169 ./system/src/newlib/_sbrk.o
 .debug_macro   0x000004ed      0x174 ./system/src/newlib/_sbrk.o
 .debug_macro   0x00000661       0x10 ./system/src/newlib/_sbrk.o
 .debug_macro   0x00000671      0x23b ./system/src/newlib/_sbrk.o
 .debug_macro   0x000008ac      0x173 ./system/src/newlib/_startup.o
 .debug_macro   0x00000a1f      0xa72 ./system/src/newlib/_startup.o
 .debug_macro   0x00001491      0x217 ./system/src/newlib/_syscalls.o
 .debug_macro   0x000016a8       0x1c ./system/src/newlib/_syscalls.o
 .debug_macro   0x000016c4       0x10 ./system/src/newlib/_syscalls.o
 .debug_macro   0x000016d4       0x10 ./system/src/newlib/_syscalls.o
 .debug_macro   0x000016e4       0x10 ./system/src/newlib/_syscalls.o
 .debug_macro   0x000016f4       0x35 ./system/src/newlib/_syscalls.o
 .debug_macro   0x00001729      0x122 ./system/src/newlib/_syscalls.o
 .debug_macro   0x0000184b       0x88 ./system/src/newlib/_syscalls.o
 .debug_macro   0x000018d3       0x2b ./system/src/newlib/_syscalls.o
 .debug_macro   0x000018fe      0x118 ./system/src/newlib/_syscalls.o
 .debug_macro   0x00001a16      0x189 ./system/src/newlib/_syscalls.o
 .debug_macro   0x00001b9f       0x16 ./system/src/newlib/_syscalls.o
 .debug_macro   0x00001bb5      0x1fb ./system/src/diag/Trace.o
 .debug_macro   0x00001db0       0x4c ./system/src/diag/Trace.o
 .debug_macro   0x00001dfc       0x16 ./system/src/diag/Trace.o
 .debug_macro   0x00001e12      0x52a ./system/src/diag/trace_impl.o
 .debug_macro   0x0000233c       0x22 ./system/src/diag/trace_impl.o
 .debug_macro   0x0000235e      0x4ee ./system/src/cortexm/_initialize_hardware.o
 .debug_macro   0x0000284c      0x557 ./system/src/cortexm/exception_handlers.o
 .debug_macro   0x00002da3       0x3b ./system/src/cortexm/exception_handlers.o
 .debug_macro   0x00002dde      0x4ea ./system/src/cmsis/system_stm32f4xx.o
 .debug_macro   0x000032c8       0x34 ./system/src/cmsis/vectors_stm32f401xc.o
 .debug_macro   0x000032fc       0x3f ./src/MCAL/UART/UART_conf.o
 .debug_macro   0x0000333b       0x3a ./src/MCAL/UART/UART_conf.o
 .debug_macro   0x00003375      0x17e ./src/MCAL/UART/UART_conf.o
 .debug_macro   0x000034f3       0x1c ./src/MCAL/UART/UART_conf.o
 .debug_macro   0x0000350f       0x76 ./src/MCAL/UART/UART_conf.o
 .debug_macro   0x00003585       0x5a ./src/MCAL/UART/UART_program.o
 .debug_macro   0x000035df      0x136 ./src/MCAL/UART/UART_program.o
 .debug_macro   0x00003715       0xf4 ./src/MCAL/UART/UART_program.o
 .debug_macro   0x00003809      0x2a0 ./src/MCAL/UART/UART_program.o
 .debug_macro   0x00003aa9       0x5a ./src/MCAL/Timer/Timer_prog.o
 .debug_macro   0x00003b03       0x40 ./src/MCAL/Timer/Timer_prog.o
 .debug_macro   0x00003b43       0x46 ./src/MCAL/Timer/Timer_prog.o
 .debug_macro   0x00003b89      0xaee ./src/MCAL/Timer/Timer_prog.o
 .debug_macro   0x00004677       0x90 ./src/MCAL/Timer/Timer_prog.o
 .debug_macro   0x00004707       0x49 ./src/MCAL/SYSTIC/SYSTIC_prog.o
 .debug_macro   0x00004750       0x16 ./src/MCAL/SYSTIC/SYSTIC_prog.o
 .debug_macro   0x00004766       0x4c ./src/MCAL/SYSTIC/SYSTIC_prog.o
 .debug_macro   0x000047b2       0x16 ./src/MCAL/SYSTIC/SYSTIC_prog.o
 .debug_macro   0x000047c8       0x5a ./src/MCAL/SPI/SPI_prog.o
 .debug_macro   0x00004822       0xac ./src/MCAL/SPI/SPI_prog.o
 .debug_macro   0x000048ce       0x2e ./src/MCAL/SPI/SPI_prog.o
 .debug_macro   0x000048fc       0x1c ./src/MCAL/SPI/SPI_prog.o
 .debug_macro   0x00004918       0x55 ./src/MCAL/RCC/RCC_prog.o
 .debug_macro   0x0000496d       0x16 ./src/MCAL/RCC/RCC_prog.o
 .debug_macro   0x00004983       0x52 ./src/MCAL/RCC/RCC_prog.o
 .debug_macro   0x000049d5       0xd6 ./src/MCAL/RCC/RCC_prog.o
 .debug_macro   0x00004aab       0x3f ./src/MCAL/NVIC/NVIC_prog.o
 .debug_macro   0x00004aea       0x16 ./src/MCAL/NVIC/NVIC_prog.o
 .debug_macro   0x00004b00       0x22 ./src/MCAL/NVIC/NVIC_prog.o
 .debug_macro   0x00004b22       0x3f ./src/MCAL/GPIO/GPIO_conf.o
 .debug_macro   0x00004b61       0x2e ./src/MCAL/GPIO/GPIO_conf.o
 .debug_macro   0x00004b8f       0x1c ./src/MCAL/GPIO/GPIO_conf.o
 .debug_macro   0x00004bab       0x48 ./src/MCAL/GPIO/GPIO_prog.o
 .debug_macro   0x00004bf3       0x37 ./src/HAL/TFT/TFT_conf.o
 .debug_macro   0x00004c2a      0x120 ./src/HAL/TFT/TFT_prog.o
 .debug_macro   0x00004d4a       0x3a ./src/HAL/TFT/TFT_prog.o
 .debug_macro   0x00004d84       0x40 ./src/HAL/TFT/TFT_prog.o
 .debug_macro   0x00004dc4      0x1e1 ./src/HAL/TFT/TFT_prog.o
 .debug_macro   0x00004fa5       0x4f ./src/HAL/PWM_DCmotor/PWM_DCmotor_conf.o
 .debug_macro   0x00004ff4       0x4f ./src/HAL/PWM_DCmotor/PWM_DCmotor_prog.o
 .debug_macro   0x00005043       0x40 ./src/HAL/LED/LED_prog.o
 .debug_macro   0x00005083       0x40 ./src/HAL/LED/LED_prog.o
 .debug_macro   0x000050c3       0x6a ./src/HAL/LED/LED_prog.o
 .debug_macro   0x0000512d      0x4e4 ./src/_initialize_hardware.o
 .debug_macro   0x00005611       0xf2 ./src/main.o
